Component: ARM Compiler 5.06 update 6 (build 750) Tool: armlink [4d35ed]

==============================================================================

Section Cross References

    bsp.o(i.ALL_GPIO_Init) refers to stm32f10x_rcc.o(i.RCC_APB2PeriphClockCmd) for RCC_APB2PeriphClockCmd
    bsp.o(i.ALL_GPIO_Init) refers to stm32f10x_gpio.o(i.GPIO_Init) for GPIO_Init
    bsp.o(i.ALL_GPIO_Init) refers to stm32f10x_gpio.o(i.GPIO_ResetBits) for GPIO_ResetBits
    bsp.o(i.Reset_AllGPIO) refers to stm32f10x_gpio.o(i.GPIO_ResetBits) for GPIO_ResetBits
    bsp.o(i.Reset_AllGPIO) refers to stm32f10x_gpio.o(i.GPIO_SetBits) for GPIO_SetBits
    bsp.o(i.Reset_AllGPIO) refers to rs232_485task.o(.data) for DB26_TestFlag
    bsp.o(i.SysTickInit) refers to misc.o(i.SysTick_CLKSourceConfig) for SysTick_CLKSourceConfig
    bsp.o(i.SysTickInit) refers to system_stm32f10x.o(.data) for SystemCoreClock
    bsp.o(i.SystemBspInit) refers to bsp.o(i.SysTickInit) for SysTickInit
    bsp.o(i.SystemBspInit) refers to bsp.o(i.ALL_GPIO_Init) for ALL_GPIO_Init
    bsp.o(i.SystemBspInit) refers to rs485uartinit.o(i.RS485_UartConfig) for RS485_UartConfig
    main.o(i.ChannelDCM) refers to stm32f10x_gpio.o(i.GPIO_ResetBits) for GPIO_ResetBits
    main.o(i.ChannelDCM) refers to stm32f10x_gpio.o(i.GPIO_SetBits) for GPIO_SetBits
    main.o(i.ChannelNMos) refers to stm32f10x_gpio.o(i.GPIO_ResetBits) for GPIO_ResetBits
    main.o(i.ChannelNMos) refers to stm32f10x_gpio.o(i.GPIO_SetBits) for GPIO_SetBits
    main.o(i.ChannelPMos) refers to stm32f10x_gpio.o(i.GPIO_ResetBits) for GPIO_ResetBits
    main.o(i.ChannelPMos) refers to stm32f10x_gpio.o(i.GPIO_SetBits) for GPIO_SetBits
    main.o(i.ResTest) refers to stm32f10x_gpio.o(i.GPIO_SetBits) for GPIO_SetBits
    main.o(i.ResTest) refers to stm32f10x_gpio.o(i.GPIO_ResetBits) for GPIO_ResetBits
    main.o(i.StartTask) refers to os_q.o(i.OSQCreate) for OSQCreate
    main.o(i.StartTask) refers to os_task.o(i.OSTaskCreate) for OSTaskCreate
    main.o(i.StartTask) refers to os_time.o(i.OSTimeDlyHMSM) for OSTimeDlyHMSM
    main.o(i.StartTask) refers to stm32f10x_gpio.o(i.GPIO_ReadInputDataBit) for GPIO_ReadInputDataBit
    main.o(i.StartTask) refers to rs485uartinit.o(i.RS485SendDatas) for RS485SendDatas
    main.o(i.StartTask) refers to main.o(.bss) for rs485SendBuf
    main.o(i.StartTask) refers to main.o(.data) for rs485RcvQ
    main.o(i.StartTask) refers to rs232_485task.o(i.RS485Task) for RS485Task
    main.o(i.StartTask) refers to rs232_485task.o(.data) for DB26_TestFlag
    main.o(i.VolTest) refers to stm32f10x_gpio.o(i.GPIO_ResetBits) for GPIO_ResetBits
    main.o(i.VolTest) refers to stm32f10x_gpio.o(i.GPIO_SetBits) for GPIO_SetBits
    main.o(i.main) refers to misc.o(i.NVIC_SetVectorTable) for NVIC_SetVectorTable
    main.o(i.main) refers to misc.o(i.NVIC_PriorityGroupConfig) for NVIC_PriorityGroupConfig
    main.o(i.main) refers to os_core.o(i.OSInit) for OSInit
    main.o(i.main) refers to memblock.o(i.MemBuf_Init) for MemBuf_Init
    main.o(i.main) refers to bsp.o(i.SystemBspInit) for SystemBspInit
    main.o(i.main) refers to memq.o(i.Cir_Queue_Init) for Cir_Queue_Init
    main.o(i.main) refers to memstore.o(i.Store_Init) for Store_Init
    main.o(i.main) refers to os_task.o(i.OSTaskCreate) for OSTaskCreate
    main.o(i.main) refers to os_core.o(i.OSStart) for OSStart
    main.o(i.main) refers to main.o(.data) for send485_Q
    main.o(i.main) refers to main.o(.bss) for START_TASK_STK
    main.o(i.main) refers to main.o(i.StartTask) for StartTask
    rs232_485task.o(i.RS485Task) refers to os_time.o(i.OSTimeDlyHMSM) for OSTimeDlyHMSM
    rs232_485task.o(i.RS485Task) refers to rs232_485task.o(i.UpElecInit) for UpElecInit
    rs232_485task.o(i.RS485Task) refers to os_q.o(i.OSQPend) for OSQPend
    rs232_485task.o(i.RS485Task) refers to bsp.o(i.Reset_AllGPIO) for Reset_AllGPIO
    rs232_485task.o(i.RS485Task) refers to main.o(i.ChannelDCM) for ChannelDCM
    rs232_485task.o(i.RS485Task) refers to main.o(i.ChannelPMos) for ChannelPMos
    rs232_485task.o(i.RS485Task) refers to main.o(i.ChannelNMos) for ChannelNMos
    rs232_485task.o(i.RS485Task) refers to main.o(i.ResTest) for ResTest
    rs232_485task.o(i.RS485Task) refers to main.o(i.VolTest) for VolTest
    rs232_485task.o(i.RS485Task) refers to rs485uartinit.o(i.RS485SendDatas) for RS485SendDatas
    rs232_485task.o(i.RS485Task) refers to memblock.o(i.Mem_free) for Mem_free
    rs232_485task.o(i.RS485Task) refers to main.o(.data) for rs485RcvQ
    rs232_485task.o(i.RS485Task) refers to rs232_485task.o(.data) for DB26_TestFlag
    rs232_485task.o(i.UpElecInit) refers to main.o(i.ChannelDCM) for ChannelDCM
    rs232_485task.o(i.UpElecInit) refers to os_time.o(i.OSTimeDlyHMSM) for OSTimeDlyHMSM
    rs232_485task.o(i.UpElecInit) refers to main.o(i.ChannelPMos) for ChannelPMos
    rs232_485task.o(i.UpElecInit) refers to main.o(i.ChannelNMos) for ChannelNMos
    rs232_485task.o(i.UpElecInit) refers to main.o(i.VolTest) for VolTest
[...]
    Removing os_q.o(i.OSQQuery), (98 bytes).
    Removing os_sem.o(i.OSSemAccept), (42 bytes).
    Removing os_sem.o(i.OSSemCreate), (76 bytes).
    Removing os_sem.o(i.OSSemDel), (208 bytes).
    Removing os_sem.o(i.OSSemPend), (236 bytes).
    Removing os_sem.o(i.OSSemPendAbort), (128 bytes).
    Removing os_sem.o(i.OSSemPost), (88 bytes).
    Removing os_sem.o(i.OSSemQuery), (76 bytes).
    Removing os_sem.o(i.OSSemSet), (66 bytes).
    Removing os_task.o(i.OSTaskChangePrio), (328 bytes).
    Removing os_task.o(i.OSTaskDel), (324 bytes).
    Removing os_task.o(i.OSTaskDelReq), (108 bytes).
    Removing os_task.o(i.OSTaskNameGet), (128 bytes).
    Removing os_task.o(i.OSTaskQuery), (92 bytes).
    Removing os_task.o(i.OSTaskRegGet), (68 bytes).
    Removing os_task.o(i.OSTaskRegSet), (72 bytes).
    Removing os_task.o(i.OSTaskResume), (172 bytes).
    Removing os_task.o(i.OS_TaskReturn), (24 bytes).
    Removing os_time.o(i.OSTimeDlyResume), (180 bytes).
    Removing os_time.o(i.OSTimeGet), (28 bytes).
    Removing os_time.o(i.OSTimeSet), (28 bytes).
    Removing os_cpu_c.o(i.OSTaskDelHook), (2 bytes).
    Removing os_cpu_c.o(i.OSTaskReturnHook), (2 bytes).
    Removing os_cpu_c.o(.data), (4 bytes).

524 unused section(s) (total 24662 bytes) removed from the image.

==============================================================================

Image Symbol Table

    Local Symbols

    Symbol Name                              Value     Ov Type        Size  Object(Section)

    ../clib/angel/boardlib.s                 0x00000000   Number         0  boardshut.o ABSOLUTE
    ../clib/angel/boardlib.s                 0x00000000   Number         0  boardinit3.o ABSOLUTE
    ../clib/angel/boardlib.s                 0x00000000   Number         0  boardinit2.o ABSOLUTE
    ../clib/angel/boardlib.s                 0x00000000   Number         0  boardinit1.o ABSOLUTE
    ../clib/angel/handlers.s                 0x00000000   Number         0  __scatter_zi.o ABSOLUTE
    ../clib/angel/handlers.s                 0x00000000   Number         0  __scatter_copy.o ABSOLUTE
    ../clib/angel/kernel.s                   0x00000000   Number         0  __rtentry2.o ABSOLUTE
    ../clib/angel/kernel.s                   0x00000000   Number         0  __rtentry.o ABSOLUTE
    ../clib/angel/kernel.s                   0x00000000   Number         0  rtexit.o ABSOLUTE
    ../clib/angel/kernel.s                   0x00000000   Number         0  __rtentry4.o ABSOLUTE
    ../clib/angel/kernel.s                   0x00000000   Number         0  rtexit2.o ABSOLUTE
    ../clib/angel/rt.s                       0x00000000   Number         0  rt_raise.o ABSOLUTE
    ../clib/angel/scatter.s                  0x00000000   Number         0  __scatter.o ABSOLUTE
    ../clib/angel/startup.s                  0x00000000   Number         0  __main.o ABSOLUTE
    ../clib/angel/sys.s                      0x00000000   Number         0  use_no_semi.o ABSOLUTE
    ../clib/angel/sys.s                      0x00000000   Number         0  sys_stackheap_outer.o ABSOLUTE
    ../clib/angel/sys.s                      0x00000000   Number         0  indicate_semi.o ABSOLUTE
    ../clib/angel/sys.s                      0x00000000   Number         0  libspace.o ABSOLUTE
    ../clib/angel/sysapp.c                   0x00000000   Number         0  sys_wrch.o ABSOLUTE
    ../clib/angel/sysapp.c                   0x00000000   Number         0  sys_exit.o ABSOLUTE
    ../clib/angel/sysapp.c                   0x00000000   Number         0  sys_command.o ABSOLUTE
    ../clib/armsys.c                         0x00000000   Number         0  argv_veneer.o ABSOLUTE
    ../clib/armsys.c                         0x00000000   Number         0  argv_veneer.o ABSOLUTE
    ../clib/armsys.c                         0x00000000   Number         0  no_argv.o ABSOLUTE
    ../clib/armsys.c                         0x00000000   Number         0  _get_argv_nomalloc.o ABSOLUTE
    ../clib/heapalloc.c                      0x00000000   Number         0  hrguard.o ABSOLUTE
    ../clib/heapaux.c                        0x00000000   Number         0  heapauxi.o ABSOLUTE
    ../clib/libinit.s                        0x00000000   Number         0  libshutdown2.o ABSOLUTE
    ../clib/libinit.s                        0x00000000   Number         0  libinit2.o ABSOLUTE
    ../clib/libinit.s                        0x00000000   Number         0  libshutdown.o ABSOLUTE
    ../clib/libinit.s                        0x00000000   Number         0  libinit.o ABSOLUTE
    ../clib/memcpset.s                       0x00000000   Number         0  rt_memcpy_v6.o ABSOLUTE
    ../clib/memcpset.s                       0x00000000   Number         0  rt_memclr.o ABSOLUTE
    ../clib/memcpset.s                       0x00000000   Number         0  rt_memclr_w.o ABSOLUTE
    ../clib/memcpset.s                       0x00000000   Number         0  rt_memcpy_w.o ABSOLUTE
    ../clib/signal.c                         0x00000000   Number         0  defsig_rtmem_formal.o ABSOLUTE
    ../clib/signal.c                         0x00000000   Number         0  defsig_rtmem_outer.o ABSOLUTE
    ../clib/signal.c                         0x00000000   Number         0  defsig_general.o ABSOLUTE
    ../clib/signal.c                         0x00000000   Number         0  defsig_other.o ABSOLUTE
    ../clib/signal.c                         0x00000000   Number         0  defsig_cppl_inner.o ABSOLUTE
    ../clib/signal.c                         0x00000000   Number         0  defsig_pvfn_inner.o ABSOLUTE
    ../clib/signal.c                         0x00000000   Number         0  defsig_segv_inner.o ABSOLUTE
    ../clib/signal.c                         0x00000000   Number         0  defsig_stak_inner.o ABSOLUTE
    ../clib/signal.c                         0x00000000   Number         0  defsig_rtred_inner.o ABSOLUTE
    ../clib/signal.c                         0x00000000   Number         0  defsig_fpe_inner.o ABSOLUTE
    ../clib/signal.c                         0x00000000   Number         0  defsig_abrt_inner.o ABSOLUTE
    ../clib/signal.c                         0x00000000   Number         0  __raise.o ABSOLUTE
    ../clib/signal.c                         0x00000000   Number         0  defsig_rtmem_inner.o ABSOLUTE
    ../clib/signal.c                         0x00000000   Number         0  defsig_exit.o ABSOLUTE
    ../clib/signal.s                         0x00000000   Number         0  defsig.o ABSOLUTE
    ../clib/stdlib.c                         0x00000000   Number         0  exit.o ABSOLUTE
    ../fplib/fpinit.s                        0x00000000   Number         0  fpinit.o ABSOLUTE
    ..\CORE\core_cm3.c                       0x00000000   Number         0  core_cm3.o ABSOLUTE
    ..\DEAL\memBlock.c                       0x00000000   Number         0  memblock.o ABSOLUTE
    ..\DEAL\memQ.c                           0x00000000   Number         0  memq.o ABSOLUTE
    ..\DEAL\memStore.c                       0x00000000   Number         0  memstore.o ABSOLUTE
    ..\HAEDWARE\RS232_485Task.c              0x00000000   Number         0  rs232_485task.o ABSOLUTE
    ..\HAEDWARE\RS485uartInit.c              0x00000000   Number         0  rs485uartinit.o ABSOLUTE
    ..\HAEDWARE\bsp.c                        0x00000000   Number         0  bsp.o ABSOLUTE
    ..\LIB\src\misc.c                        0x00000000   Number         0  misc.o ABSOLUTE
    ..\LIB\src\stm32f10x_adc.c               0x00000000   Number         0  stm32f10x_adc.o ABSOLUTE
    ..\LIB\src\stm32f10x_bkp.c               0x00000000   Number         0  stm32f10x_bkp.o ABSOLUTE
    ..\LIB\src\stm32f10x_can.c               0x00000000   Number         0  stm32f10x_can.o ABSOLUTE
    ..\LIB\src\stm32f10x_cec.c               0x00000000   Number         0  stm32f10x_cec.o ABSOLUTE
    ..\LIB\src\stm32f10x_crc.c               0x00000000   Number         0  stm32f10x_crc.o ABSOLUTE
    ..\LIB\src\stm32f10x_dac.c               0x00000000   Number         0  stm32f10x_dac.o ABSOLUTE
    ..\LIB\src\stm32f10x_dbgmcu.c            0x00000000   Number         0  stm32f10x_dbgmcu.o ABSOLUTE
    ..\LIB\src\stm32f10x_dma.c               0x00000000   Number         0  stm32f10x_dma.o ABSOLUTE
    ..\LIB\src\stm32f10x_exti.c              0x00000000   Number         0  stm32f10x_exti.o ABSOLUTE
    ..\LIB\src\stm32f10x_flash.c             0x00000000   Number         0  stm32f10x_flash.o ABSOLUTE
    ..\LIB\src\stm32f10x_fsmc.c              0x00000000   Number         0  stm32f10x_fsmc.o ABSOLUTE
    ..\LIB\src\stm32f10x_gpio.c              0x00000000   Number         0  stm32f10x_gpio.o ABSOLUTE
    ..\LIB\src\stm32f10x_i2c.c               0x00000000   Number         0  stm32f10x_i2c.o ABSOLUTE
    ..\LIB\src\stm32f10x_iwdg.c              0x00000000   Number         0  stm32f10x_iwdg.o ABSOLUTE
    ..\LIB\src\stm32f10x_pwr.c               0x00000000   Number         0  stm32f10x_pwr.o ABSOLUTE
    ..\LIB\src\stm32f10x_rcc.c               0x00000000   Number         0  stm32f10x_rcc.o ABSOLUTE
    ..\LIB\src\stm32f10x_rtc.c               0x00000000   Number         0  stm32f10x_rtc.o ABSOLUTE
    ..\LIB\src\stm32f10x_sdio.c              0x00000000   Number         0  stm32f10x_sdio.o ABSOLUTE
    ..\LIB\src\stm32f10x_spi.c               0x00000000   Number         0  stm32f10x_spi.o ABSOLUTE
    ..\LIB\src\stm32f10x_tim.c               0x00000000   Number         0  stm32f10x_tim.o ABSOLUTE
    ..\LIB\src\stm32f10x_usart.c             0x00000000   Number         0  stm32f10x_usart.o ABSOLUTE
    ..\LIB\src\stm32f10x_wwdg.c              0x00000000   Number         0  stm32f10x_wwdg.o ABSOLUTE
    ..\SYSTEM\sys.c                          0x00000000   Number         0  sys.o ABSOLUTE
    ..\UCOSII\CORE\os_core.c                 0x00000000   Number         0  os_core.o ABSOLUTE
    ..\UCOSII\CORE\os_flag.c                 0x00000000   Number         0  os_flag.o ABSOLUTE
    ..\UCOSII\CORE\os_mbox.c                 0x00000000   Number         0  os_mbox.o ABSOLUTE
    ..\UCOSII\CORE\os_mem.c                  0x00000000   Number         0  os_mem.o ABSOLUTE
    ..\UCOSII\CORE\os_mutex.c                0x00000000   Number         0  os_mutex.o ABSOLUTE
    ..\UCOSII\CORE\os_q.c                    0x00000000   Number         0  os_q.o ABSOLUTE
    ..\UCOSII\CORE\os_sem.c                  0x00000000   Number         0  os_sem.o ABSOLUTE
    ..\UCOSII\CORE\os_task.c                 0x00000000   Number         0  os_task.o ABSOLUTE
    ..\UCOSII\CORE\os_time.c                 0x00000000   Number         0  os_time.o ABSOLUTE
    ..\UCOSII\CORE\os_tmr.c                  0x00000000   Number         0  os_tmr.o ABSOLUTE
    ..\UCOSII\PORT\os_cpu_a.asm              0x00000000   Number         0  os_cpu_a.o ABSOLUTE
    ..\UCOSII\PORT\os_cpu_c.c                0x00000000   Number         0  os_cpu_c.o ABSOLUTE
    ..\\CORE\\core_cm3.c                     0x00000000   Number         0  core_cm3.o ABSOLUTE
    ..\\SYSTEM\\sys.c                        0x00000000   Number         0  sys.o ABSOLUTE
    dc.s                                     0x00000000   Number         0  dc.o ABSOLUTE
    main.c                                   0x00000000   Number         0  main.o ABSOLUTE
    startup_stm32f10x_cl.s                   0x00000000   Number         0  startup_stm32f10x_cl.o ABSOLUTE
    stm32f10x_it.c                           0x00000000   Number         0  stm32f10x_it.o ABSOLUTE
    system_stm32f10x.c                       0x00000000   Number         0  system_stm32f10x.o ABSOLUTE
    RESET                                    0x08004800   Section      336  startup_stm32f10x_cl.o(RESET)
    !!!main                                  0x08004950   Section        8  __main.o(!!!main)
    !!!scatter                               0x08004958   Section       52  __scatter.o(!!!scatter)
    !!handler_copy                           0x0800498c   Section       26  __scatter_copy.o(!!handler_copy)
    !!handler_zi                             0x080049a8   Section       28  __scatter_zi.o(!!handler_zi)
    .ARM.Collect$$libinit$$00000000          0x080049c4   Section        2  libinit.o(.ARM.Collect$$libinit$$00000000)
    .ARM.Collect$$libinit$$00000002          0x080049c6   Section        0  libinit2.o(.ARM.Collect$$libinit$$00000002)
    .ARM.Collect$$libinit$$00000004          0x080049c6   Section        0  libinit2.o(.ARM.Collect$$libinit$$00000004)
    .ARM.Collect$$libinit$$0000000A          0x080049c6   Section        0  libinit2.o(.ARM.Collect$$libinit$$0000000A)
    .ARM.Collect$$libinit$$0000000C          0x080049c6   Section        0  libinit2.o(.ARM.Collect$$libinit$$0000000C)
    .ARM.Collect$$libinit$$0000000E          0x080049c6   Section        0  libinit2.o(.ARM.Collect$$libinit$$0000000E)
    .ARM.Collect$$libinit$$00000011          0x080049c6   Section        0  libinit2.o(.ARM.Collect$$libinit$$00000011)
    .ARM.Collect$$libinit$$00000013          0x080049c6   Section        0  libinit2.o(.ARM.Collect$$libinit$$00000013)
    .ARM.Collect$$libinit$$00000015          0x080049c6   Section        0  libinit2.o(.ARM.Collect$$libinit$$00000015)
    .ARM.Collect$$libinit$$00000017          0x080049c6   Section        0  libinit2.o(.ARM.Collect$$libinit$$00000017)
    .ARM.Collect$$libinit$$00000019          0x080049c6   Section        0  libinit2.o(.ARM.Collect$$libinit$$00000019)
    .ARM.Collect$$libinit$$0000001B          0x080049c6   Section        0  libinit2.o(.ARM.Collect$$libinit$$0000001B)
    .ARM.Collect$$libinit$$0000001D          0x080049c6   Section        0  libinit2.o(.ARM.Collect$$libinit$$0000001D)
    .ARM.Collect$$libinit$$0000001F          0x080049c6   Section        0  libinit2.o(.ARM.Collect$$libinit$$0000001F)
    .ARM.Collect$$libinit$$00000021          0x080049c6   Section        0  libinit2.o(.ARM.Collect$$libinit$$00000021)
    .ARM.Collect$$libinit$$00000023          0x080049c6   Section        0  libinit2.o(.ARM.Collect$$libinit$$00000023)
    .ARM.Collect$$libinit$$00000025          0x080049c6   Section        0  libinit2.o(.ARM.Collect$$libinit$$00000025)
    .ARM.Collect$$libinit$$0000002C          0x080049c6   Section        0  libinit2.o(.ARM.Collect$$libinit$$0000002C)
    .ARM.Collect$$libinit$$0000002E          0x080049c6   Section        0  libinit2.o(.ARM.Collect$$libinit$$0000002E)
    .ARM.Collect$$libinit$$00000030          0x080049c6   Section        0  libinit2.o(.ARM.Collect$$libinit$$00000030)
    .ARM.Collect$$libinit$$00000032          0x080049c6   Section        0  libinit2.o(.ARM.Collect$$libinit$$00000032)
    .ARM.Collect$$libinit$$00000033          0x080049c6   Section        2  libinit2.o(.ARM.Collect$$libinit$$00000033)
    .ARM.Collect$$libshutdown$$00000000      0x080049c8   Section        2  libshutdown.o(.ARM.Collect$$libshutdown$$00000000)
    .ARM.Collect$$libshutdown$$00000002      0x080049ca   Section        0  libshutdown2.o(.ARM.Collect$$libshutdown$$00000002)
    .ARM.Collect$$libshutdown$$00000004      0x080049ca   Section        0  libshutdown2.o(.ARM.Collect$$libshutdown$$00000004)
    .ARM.Collect$$libshutdown$$00000007      0x080049ca   Section        0  libshutdown2.o(.ARM.Collect$$libshutdown$$00000007)
    .ARM.Collect$$libshutdown$$0000000A      0x080049ca   Section        0  libshutdown2.o(.ARM.Collect$$libshutdown$$0000000A)
    .ARM.Collect$$libshutdown$$0000000C      0x080049ca   Section        0  libshutdown2.o(.ARM.Collect$$libshutdown$$0000000C)
    .ARM.Collect$$libshutdown$$0000000F      0x080049ca   Section        0  libshutdown2.o(.ARM.Collect$$libshutdown$$0000000F)
    .ARM.Collect$$libshutdown$$00000010      0x080049ca   Section        2  libshutdown2.o(.ARM.Collect$$libshutdown$$00000010)
    .ARM.Collect$$rtentry$$00000000          0x080049cc   Section        0  __rtentry.o(.ARM.Collect$$rtentry$$00000000)
    .ARM.Collect$$rtentry$$00000002          0x080049cc   Section        0  __rtentry2.o(.ARM.Collect$$rtentry$$00000002)
    .ARM.Collect$$rtentry$$00000004          0x080049cc   Section        6  __rtentry4.o(.ARM.Collect$$rtentry$$00000004)
    .ARM.Collect$$rtentry$$00000009          0x080049d2   Section        0  __rtentry2.o(.ARM.Collect$$rtentry$$00000009)
    .ARM.Collect$$rtentry$$0000000A          0x080049d2   Section        4  __rtentry2.o(.ARM.Collect$$rtentry$$0000000A)
    .ARM.Collect$$rtentry$$0000000C          0x080049d6   Section        0  __rtentry2.o(.ARM.Collect$$rtentry$$0000000C)
    .ARM.Collect$$rtentry$$0000000D          0x080049d6   Section        8  __rtentry2.o(.ARM.Collect$$rtentry$$0000000D)
    .ARM.Collect$$rtexit$$00000000           0x080049de   Section        2  rtexit.o(.ARM.Collect$$rtexit$$00000000)
    .ARM.Collect$$rtexit$$00000002           0x080049e0   Section        0  rtexit2.o(.ARM.Collect$$rtexit$$00000002)
    .ARM.Collect$$rtexit$$00000003           0x080049e0   Section        4  rtexit2.o(.ARM.Collect$$rtexit$$00000003)
    .ARM.Collect$$rtexit$$00000004           0x080049e4   Section        6  rtexit2.o(.ARM.Collect$$rtexit$$00000004)
    .text                                    0x080049ec   Section       64  startup_stm32f10x_cl.o(.text)
    .text                                    0x08004a2c   Section      180  os_cpu_a.o(.text)
    .text                                    0x08004ae0   Section      138  rt_memcpy_v6.o(.text)
    .text                                    0x08004b6a   Section       68  rt_memclr.o(.text)
    .text                                    0x08004bae   Section        0  heapauxi.o(.text)
    .text                                    0x08004bb4   Section      100  rt_memcpy_w.o(.text)
    .text                                    0x08004c18   Section       78  rt_memclr_w.o(.text)
    .text                                    0x08004c66   Section       74  sys_stackheap_outer.o(.text)
    .text                                    0x08004cb0   Section        0  exit.o(.text)
    .text                                    0x08004cc4   Section        8  libspace.o(.text)
    .text                                    0x08004ccc   Section        0  sys_exit.o(.text)
    .text                                    0x08004cd8   Section        2  use_no_semi.o(.text)
    .text                                    0x08004cda   Section        0  indicate_semi.o(.text)
    i.ALL_GPIO_Init                          0x08004cdc   Section        0  bsp.o(i.ALL_GPIO_Init)
    i.ChannelDCM                             0x08004d80   Section        0  main.o(i.ChannelDCM)
    i.ChannelNMos                            0x08004e1c   Section        0  main.o(i.ChannelNMos)
    i.ChannelPMos                            0x08004eec   Section        0  main.o(i.ChannelPMos)
    i.CirQ_GetLength                         0x08004f6c   Section        0  memq.o(i.CirQ_GetLength)
    i.CirQ_OnePush                           0x08004f7a   Section        0  memq.o(i.CirQ_OnePush)
    i.CirQ_Pop                               0x08004fc4   Section        0  memq.o(i.CirQ_Pop)
    i.CirQ_Pushs                             0x0800500c   Section        0  memq.o(i.CirQ_Pushs)
    i.Cir_Queue_Init                         0x080050b2   Section        0  memq.o(i.Cir_Queue_Init)
    i.GPIO_Init                              0x080050f2   Section        0  stm32f10x_gpio.o(i.GPIO_Init)
    i.GPIO_ReadInputDataBit                  0x08005208   Section        0  stm32f10x_gpio.o(i.GPIO_ReadInputDataBit)
    i.GPIO_ResetBits                         0x0800521a   Section        0  stm32f10x_gpio.o(i.GPIO_ResetBits)
    i.GPIO_SetBits                           0x0800521e   Section        0  stm32f10x_gpio.o(i.GPIO_SetBits)
    i.HardFault_Handler                      0x08005222   Section        0  stm32f10x_it.o(i.HardFault_Handler)
    i.MemBuf_Init                            0x08005228   Section        0  memblock.o(i.MemBuf_Init)
    i.MemManage_Handler                      0x08005358   Section        0  stm32f10x_it.o(i.MemManage_Handler)
    i.Mem_free                               0x0800535c   Section        0  memblock.o(i.Mem_free)
    i.Mem_malloc                             0x0800549c   Section        0  memblock.o(i.Mem_malloc)
    i.NMI_Handler                            0x08005698   Section        0  stm32f10x_it.o(i.NMI_Handler)
    i.NVIC_Init                              0x0800569c   Section        0  misc.o(i.NVIC_Init)
    i.NVIC_PriorityGroupConfig               0x0800570c   Section        0  misc.o(i.NVIC_PriorityGroupConfig)
    i.NVIC_SetVectorTable                    0x08005720   Section        0  misc.o(i.NVIC_SetVectorTable)
    i.OSInit                                 0x08005734   Section        0  os_core.o(i.OSInit)
    i.OSInitHookBegin                        0x08005760   Section        0  os_cpu_c.o(i.OSInitHookBegin)
    i.OSInitHookEnd                          0x08005762   Section        0  os_cpu_c.o(i.OSInitHookEnd)
    i.OSIntEnter                             0x08005764   Section        0  os_core.o(i.OSIntEnter)
    i.OSIntExit                              0x08005788   Section        0  os_core.o(i.OSIntExit)
    i.OSMemCreate                            0x08005818   Section        0  os_mem.o(i.OSMemCreate)
    i.OSMemGet                               0x08005894   Section        0  os_mem.o(i.OSMemGet)
    i.OSMemPut                               0x080058d2   Section        0  os_mem.o(i.OSMemPut)
    i.OSQCreate                              0x08005908   Section        0  os_q.o(i.OSQCreate)
    i.OSQPend                                0x080059a0   Section        0  os_q.o(i.OSQPend)
    i.OSQPost                                0x08005abc   Section        0  os_q.o(i.OSQPost)
    i.OSStart                                0x08005b30   Section        0  os_core.o(i.OSStart)
    i.OSTCBInitHook                          0x08005b78   Section        0  os_cpu_c.o(i.OSTCBInitHook)
    i.OSTaskCreate                           0x08005b7c   Section        0  os_task.o(i.OSTaskCreate)
    i.OSTaskCreateExt                        0x08005c1c   Section        0  os_task.o(i.OSTaskCreateExt)
    i.OSTaskCreateHook                       0x08005cd4   Section        0  os_cpu_c.o(i.OSTaskCreateHook)
    i.OSTaskIdleHook                         0x08005cd6   Section        0  os_cpu_c.o(i.OSTaskIdleHook)
    i.OSTaskNameSet                          0x08005cd8   Section        0  os_task.o(i.OSTaskNameSet)
    i.OSTaskStatHook                         0x08005d48   Section        0  os_cpu_c.o(i.OSTaskStatHook)
    i.OSTaskStkChk                           0x08005d4c   Section        0  os_task.o(i.OSTaskStkChk)
    i.OSTaskStkInit                          0x08005dd8   Section        0  os_cpu_c.o(i.OSTaskStkInit)
    i.OSTaskSuspend                          0x08005e74   Section        0  os_task.o(i.OSTaskSuspend)
    i.OSTaskSwHook                           0x08005f1c   Section        0  os_cpu_c.o(i.OSTaskSwHook)
    i.OSTimeDly                              0x08005f20   Section        0  os_time.o(i.OSTimeDly)
    i.OSTimeDlyHMSM                          0x08005f98   Section        0  os_time.o(i.OSTimeDlyHMSM)
    i.OSTimeTick                             0x08005ff8   Section        0  os_core.o(i.OSTimeTick)
    i.OSTimeTickHook                         0x080060e4   Section        0  os_cpu_c.o(i.OSTimeTickHook)
    i.OS_EventTaskRdy                        0x080060e8   Section        0  os_core.o(i.OS_EventTaskRdy)
    i.OS_EventTaskRemove                     0x0800616c   Section        0  os_core.o(i.OS_EventTaskRemove)
    i.OS_EventTaskWait                       0x08006198   Section        0  os_core.o(i.OS_EventTaskWait)
    i.OS_EventWaitListInit                   0x08006214   Section        0  os_core.o(i.OS_EventWaitListInit)
    i.OS_InitEventList                       0x08006230   Section        0  os_core.o(i.OS_InitEventList)
    OS_InitEventList                         0x08006231   Thumb Code    76  os_core.o(i.OS_InitEventList)
    i.OS_InitMisc                            0x08006284   Section        0  os_core.o(i.OS_InitMisc)
    OS_InitMisc                              0x08006285   Thumb Code    44  os_core.o(i.OS_InitMisc)
    i.OS_InitRdyList                         0x080062d8   Section        0  os_core.o(i.OS_InitRdyList)
    OS_InitRdyList                           0x080062d9   Thumb Code    44  os_core.o(i.OS_InitRdyList)
    i.OS_InitTCBList                         0x0800631c   Section        0  os_core.o(i.OS_InitTCBList)
    OS_InitTCBList                           0x0800631d   Thumb Code   106  os_core.o(i.OS_InitTCBList)
    i.OS_InitTaskIdle                        0x0800639c   Section        0  os_core.o(i.OS_InitTaskIdle)
    OS_InitTaskIdle                          0x0800639d   Thumb Code    50  os_core.o(i.OS_InitTaskIdle)
    i.OS_InitTaskStat                        0x080063ec   Section        0  os_core.o(i.OS_InitTaskStat)
    OS_InitTaskStat                          0x080063ed   Thumb Code    50  os_core.o(i.OS_InitTaskStat)
    i.OS_MemClr                              0x0800643c   Section        0  os_core.o(i.OS_MemClr)
    i.OS_MemInit                             0x08006450   Section        0  os_mem.o(i.OS_MemInit)
    i.OS_QInit                               0x080064a8   Section        0  os_q.o(i.OS_QInit)
    i.OS_Sched                               0x080064fc   Section        0  os_core.o(i.OS_Sched)
    i.OS_SchedNew                            0x08006570   Section        0  os_core.o(i.OS_SchedNew)
    OS_SchedNew                              0x08006571   Thumb Code    26  os_core.o(i.OS_SchedNew)
    i.OS_TCBInit                             0x0800659c   Section        0  os_core.o(i.OS_TCBInit)
    i.OS_TaskIdle                            0x080066c8   Section        0  os_core.o(i.OS_TaskIdle)
    i.OS_TaskStat                            0x080066f0   Section        0  os_core.o(i.OS_TaskStat)
    i.OS_TaskStatStkChk                      0x08006778   Section        0  os_core.o(i.OS_TaskStatStkChk)
    i.OS_TaskStkClr                          0x080067b4   Section        0  os_task.o(i.OS_TaskStkClr)
    i.RCC_APB1PeriphClockCmd                 0x080067d0   Section        0  stm32f10x_rcc.o(i.RCC_APB1PeriphClockCmd)
    i.RCC_APB1PeriphResetCmd                 0x080067f0   Section        0  stm32f10x_rcc.o(i.RCC_APB1PeriphResetCmd)
    i.RCC_APB2PeriphClockCmd                 0x08006810   Section        0  stm32f10x_rcc.o(i.RCC_APB2PeriphClockCmd)
    i.RCC_APB2PeriphResetCmd                 0x08006830   Section        0  stm32f10x_rcc.o(i.RCC_APB2PeriphResetCmd)
    i.RCC_GetClocksFreq                      0x08006850   Section        0  stm32f10x_rcc.o(i.RCC_GetClocksFreq)
    i.RS485SendDatas                         0x080069dc   Section        0  rs485uartinit.o(i.RS485SendDatas)
    i.RS485Task                              0x08006a3c   Section        0  rs232_485task.o(i.RS485Task)
    i.RS485_UartConfig                       0x08006b14   Section        0  rs485uartinit.o(i.RS485_UartConfig)
    i.ResTest                                0x08006be4   Section        0  main.o(i.ResTest)
    i.Reset_AllGPIO                          0x08006d78   Section        0  bsp.o(i.Reset_AllGPIO)
    i.SetSysClock                            0x08006df0   Section        0  system_stm32f10x.o(i.SetSysClock)
    SetSysClock                              0x08006df1   Thumb Code     8  system_stm32f10x.o(i.SetSysClock)
    i.SetSysClockTo72                        0x08006df8   Section        0  system_stm32f10x.o(i.SetSysClockTo72)
    SetSysClockTo72                          0x08006df9   Thumb Code   220  system_stm32f10x.o(i.SetSysClockTo72)
    i.StartTask                              0x08006edc   Section        0  main.o(i.StartTask)
    i.Store_Clear                            0x08006f68   Section        0  memstore.o(i.Store_Clear)
    i.Store_Getdates                         0x08006f92   Section        0  memstore.o(i.Store_Getdates)
    i.Store_Getlength                        0x08006fe4   Section        0  memstore.o(i.Store_Getlength)
    i.Store_Init                             0x08006ff2   Section        0  memstore.o(i.Store_Init)
    i.Store_Push                             0x0800702e   Section        0  memstore.o(i.Store_Push)
    i.SysTickInit                            0x08007068   Section        0  bsp.o(i.SysTickInit)
    i.SysTick_CLKSourceConfig                0x080070d0   Section        0  misc.o(i.SysTick_CLKSourceConfig)
    i.SysTick_Handler                        0x080070f8   Section        0  stm32f10x_it.o(i.SysTick_Handler)
    i.SystemBspInit                          0x08007108   Section        0  bsp.o(i.SystemBspInit)
    i.SystemInit                             0x0800711c   Section        0  system_stm32f10x.o(i.SystemInit)
    i.TIM4_IRQHandler                        0x0800716c   Section        0  stm32f10x_it.o(i.TIM4_IRQHandler)
    i.TIM5_IRQHandler                        0x080071c0   Section        0  stm32f10x_it.o(i.TIM5_IRQHandler)
    i.TIM6_IRQHandler                        0x08007214   Section        0  stm32f10x_it.o(i.TIM6_IRQHandler)
    i.TIM_ClearITPendingBit                  0x0800722c   Section        0  stm32f10x_tim.o(i.TIM_ClearITPendingBit)
    i.TIM_GetITStatus                        0x08007232   Section        0  stm32f10x_tim.o(i.TIM_GetITStatus)
    i.USART2_IRQHandler                      0x08007254   Section        0  rs485uartinit.o(i.USART2_IRQHandler)
    i.USART_ClearFlag                        0x080073c0   Section        0  stm32f10x_usart.o(i.USART_ClearFlag)
    i.USART_ClearITPendingBit                0x080073d2   Section        0  stm32f10x_usart.o(i.USART_ClearITPendingBit)
    i.USART_Cmd                              0x080073f0   Section        0  stm32f10x_usart.o(i.USART_Cmd)
    i.USART_DeInit                           0x08007408   Section        0  stm32f10x_usart.o(i.USART_DeInit)
    i.USART_GetITStatus                      0x080074a4   Section        0  stm32f10x_usart.o(i.USART_GetITStatus)
    i.USART_ITConfig                         0x080074f8   Section        0  stm32f10x_usart.o(i.USART_ITConfig)
    i.USART_Init                             0x08007544   Section        0  stm32f10x_usart.o(i.USART_Init)
    i.USART_ReceiveData                      0x0800761c   Section        0  stm32f10x_usart.o(i.USART_ReceiveData)
    i.USART_SendData                         0x08007626   Section        0  stm32f10x_usart.o(i.USART_SendData)
    i.UpElecInit                             0x0800762e   Section        0  rs232_485task.o(i.UpElecInit)
    i.UsageFault_Handler                     0x08007718   Section        0  stm32f10x_it.o(i.UsageFault_Handler)
    i.VolTest                                0x0800771c   Section        0  main.o(i.VolTest)
    i.main                                   0x08007778   Section        0  main.o(i.main)
    .constdata                               0x080077d4   Section      256  os_core.o(.constdata)
    .data                                    0x20000000   Section       20  main.o(.data)
    .data                                    0x20000014   Section        1  rs232_485task.o(.data)
    .data                                    0x20000018   Section       28  memblock.o(.data)
    .data                                    0x20000034   Section       10  rs485uartinit.o(.data)
    RS485State                               0x20000034   Data           1  rs485uartinit.o(.data)
    rx5Data                                  0x20000035   Data           1  rs485uartinit.o(.data)
    tx5Data                                  0x20000036   Data           1  rs485uartinit.o(.data)
    clear2                                   0x20000037   Data           1  rs485uartinit.o(.data)
    frameLen                                 0x2000003c   Data           2  rs485uartinit.o(.data)
    .data                                    0x20000040   Section        4  system_stm32f10x.o(.data)
    .data                                    0x20000044   Section       20  stm32f10x_rcc.o(.data)
    APBAHBPrescTable                         0x20000044   Data          16  stm32f10x_rcc.o(.data)
    ADCPrescTable                            0x20000054   Data           4  stm32f10x_rcc.o(.data)
    .data                                    0x20000058   Section       72  os_core.o(.data)
    .bss                                     0x200000a0   Section     1044  main.o(.bss)
    .bss                                     0x200004b4   Section     9696  memblock.o(.bss)
    .bss                                     0x20002a94   Section     5052  os_core.o(.bss)
    .bss                                     0x20003e50   Section       96  libspace.o(.bss)
    HEAP                                     0x20003eb0   Section      512  startup_stm32f10x_cl.o(HEAP)
    Heap_Mem                                 0x20003eb0   Data         512  startup_stm32f10x_cl.o(HEAP)
    STACK                                    0x200040b0   Section     1024  startup_stm32f10x_cl.o(STACK)
    Stack_Mem                                0x200040b0   Data        1024  startup_stm32f10x_cl.o(STACK)
    __initial_sp                             0x200044b0   Data           0  startup_stm32f10x_cl.o(STACK)

    Global Symbols

    Symbol Name                              Value     Ov Type        Size  Object(Section)

    BuildAttributes$$THM_ISAv4$P$D$K$B$S$PE$A:L22UL41UL21$X:L11$S22US41US21$IEEE1$IW$USESV6$~STKCKD$USESV7$~SHL$OSPACE$ROPI$EBA8$UX$STANDARDLIB$REQ8$PRES8$EABIv2 0x00000000   Number         0  anon$$obj.o ABSOLUTE
    __ARM_use_no_argv                        0x00000000   Number         0  main.o ABSOLUTE
    __ARM_exceptions_init                     - Undefined Weak Reference
    __alloca_initialize                       - Undefined Weak Reference
    __arm_preinit_                            - Undefined Weak Reference
    __cpp_initialize__aeabi_                  - Undefined Weak Reference
    __cxa_finalize                            - Undefined Weak Reference
    __rt_locale                               - Undefined Weak Reference
    __sigvec_lookup                           - Undefined Weak Reference
    _atexit_init                              - Undefined Weak Reference
    _call_atexit_fns                          - Undefined Weak Reference
    _clock_init                               - Undefined Weak Reference
    _fp_trap_init                             - Undefined Weak Reference
    _fp_trap_shutdown                         - Undefined Weak Reference
    _get_lc_collate                           - Undefined Weak Reference
    _get_lc_ctype                             - Undefined Weak Reference
    _get_lc_monetary                          - Undefined Weak Reference
    _get_lc_numeric                           - Undefined Weak Reference
    _get_lc_time                              - Undefined Weak Reference
    _getenv_init                              - Undefined Weak Reference
    _handle_redirection                       - Undefined Weak Reference
    _init_alloc                               - Undefined Weak Reference
    _init_user_alloc                          - Undefined Weak Reference
    _initio                                   - Undefined Weak Reference
    _rand_init                                - Undefined Weak Reference
    _signal_finish                            - Undefined Weak Reference
    _signal_init                              - Undefined Weak Reference
    _terminate_alloc                          - Undefined Weak Reference
    _terminate_user_alloc                     - Undefined Weak Reference
    _terminateio                              - Undefined Weak Reference
    __Vectors_Size                           0x00000150   Number         0  startup_stm32f10x_cl.o ABSOLUTE
    __Vectors                                0x08004800   Data           4  startup_stm32f10x_cl.o(RESET)
    __Vectors_End                            0x08004950   Data           0  startup_stm32f10x_cl.o(RESET)
    __main                                   0x08004951   Thumb Code     8  __main.o(!!!main)
    __scatterload                            0x08004959   Thumb Code     0  __scatter.o(!!!scatter)
    __scatterload_rt2                        0x08004959   Thumb Code    44  __scatter.o(!!!scatter)
    __scatterload_rt2_thumb_only             0x08004959   Thumb Code     0  __scatter.o(!!!scatter)
    __scatterload_null                       0x08004967   Thumb Code     0  __scatter.o(!!!scatter)
    __scatterload_copy                       0x0800498d   Thumb Code    26  __scatter_copy.o(!!handler_copy)
    __scatterload_zeroinit                   0x080049a9   Thumb Code    28  __scatter_zi.o(!!handler_zi)
    __rt_lib_init                            0x080049c5   Thumb Code     0  libinit.o(.ARM.Collect$$libinit$$00000000)
    __rt_lib_init_alloca_1                   0x080049c7   Thumb Code     0  libinit2.o(.ARM.Collect$$libinit$$0000002E)
    __rt_lib_init_argv_1                     0x080049c7   Thumb Code     0  libinit2.o(.ARM.Collect$$libinit$$0000002C)
    __rt_lib_init_atexit_1                   0x080049c7   Thumb Code     0  libinit2.o(.ARM.Collect$$libinit$$0000001B)
    __rt_lib_init_clock_1                    0x080049c7   Thumb Code     0  libinit2.o(.ARM.Collect$$libinit$$00000021)
    __rt_lib_init_cpp_1                      0x080049c7   Thumb Code     0  libinit2.o(.ARM.Collect$$libinit$$00000032)
    __rt_lib_init_exceptions_1               0x080049c7   Thumb Code     0  libinit2.o(.ARM.Collect$$libinit$$00000030)
    __rt_lib_init_fp_1                       0x080049c7   Thumb Code     0  libinit2.o(.ARM.Collect$$libinit$$00000002)
    __rt_lib_init_fp_trap_1                  0x080049c7   Thumb Code     0  libinit2.o(.ARM.Collect$$libinit$$0000001F)
    __rt_lib_init_getenv_1                   0x080049c7   Thumb Code     0  libinit2.o(.ARM.Collect$$libinit$$00000023)
    __rt_lib_init_heap_1                     0x080049c7   Thumb Code     0  libinit2.o(.ARM.Collect$$libinit$$0000000A)
    __rt_lib_init_lc_collate_1               0x080049c7   Thumb Code     0  libinit2.o(.ARM.Collect$$libinit$$00000011)
    __rt_lib_init_lc_ctype_1                 0x080049c7   Thumb Code     0  libinit2.o(.ARM.Collect$$libinit$$00000013)
    __rt_lib_init_lc_monetary_1              0x080049c7   Thumb Code     0  libinit2.o(.ARM.Collect$$libinit$$00000015)
    __rt_lib_init_lc_numeric_1               0x080049c7   Thumb Code     0  libinit2.o(.ARM.Collect$$libinit$$00000017)
    __rt_lib_init_lc_time_1                  0x080049c7   Thumb Code     0  libinit2.o(.ARM.Collect$$libinit$$00000019)
    __rt_lib_init_preinit_1                  0x080049c7   Thumb Code     0  libinit2.o(.ARM.Collect$$libinit$$00000004)
    __rt_lib_init_rand_1                     0x080049c7   Thumb Code     0  libinit2.o(.ARM.Collect$$libinit$$0000000E)
    __rt_lib_init_return                     0x080049c7   Thumb Code     0  libinit2.o(.ARM.Collect$$libinit$$00000033)
    __rt_lib_init_signal_1                   0x080049c7   Thumb Code     0  libinit2.o(.ARM.Collect$$libinit$$0000001D)
    __rt_lib_init_stdio_1                    0x080049c7   Thumb Code     0  libinit2.o(.ARM.Collect$$libinit$$00000025)
    __rt_lib_init_user_alloc_1               0x080049c7   Thumb Code     0  libinit2.o(.ARM.Collect$$libinit$$0000000C)
    __rt_lib_shutdown                        0x080049c9   Thumb Code     0  libshutdown.o(.ARM.Collect$$libshutdown$$00000000)
    __rt_lib_shutdown_cpp_1                  0x080049cb   Thumb Code     0  libshutdown2.o(.ARM.Collect$$libshutdown$$00000002)
    __rt_lib_shutdown_fp_trap_1              0x080049cb   Thumb Code     0  libshutdown2.o(.ARM.Collect$$libshutdown$$00000007)
    __rt_lib_shutdown_heap_1                 0x080049cb   Thumb Code     0  libshutdown2.o(.ARM.Collect$$libshutdown$$0000000F)
    __rt_lib_shutdown_return                 0x080049cb   Thumb Code     0  libshutdown2.o(.ARM.Collect$$libshutdown$$00000010)
    __rt_lib_shutdown_signal_1               0x080049cb   Thumb Code     0  libshutdown2.o(.ARM.Collect$$libshutdown$$0000000A)
    __rt_lib_shutdown_stdio_1                0x080049cb   Thumb Code     0  libshutdown2.o(.ARM.Collect$$libshutdown$$00000004)
    __rt_lib_shutdown_user_alloc_1           0x080049cb   Thumb Code     0  libshutdown2.o(.ARM.Collect$$libshutdown$$0000000C)
    __rt_entry                               0x080049cd   Thumb Code     0  __rtentry.o(.ARM.Collect$$rtentry$$00000000)
    __rt_entry_presh_1                       0x080049cd   Thumb Code     0  __rtentry2.o(.ARM.Collect$$rtentry$$00000002)
    __rt_entry_sh                            0x080049cd   Thumb Code     0  __rtentry4.o(.ARM.Collect$$rtentry$$00000004)
    __rt_entry_li                            0x080049d3   Thumb Code     0  __rtentry2.o(.ARM.Collect$$rtentry$$0000000A)
    __rt_entry_postsh_1                      0x080049d3   Thumb Code     0  __rtentry2.o(.ARM.Collect$$rtentry$$00000009)
    __rt_entry_main                          0x080049d7   Thumb Code     0  __rtentry2.o(.ARM.Collect$$rtentry$$0000000D)
    __rt_entry_postli_1                      0x080049d7   Thumb Code     0  __rtentry2.o(.ARM.Collect$$rtentry$$0000000C)
    __rt_exit                                0x080049df   Thumb Code     0  rtexit.o(.ARM.Collect$$rtexit$$00000000)
    __rt_exit_ls                             0x080049e1   Thumb Code     0  rtexit2.o(.ARM.Collect$$rtexit$$00000003)
    __rt_exit_prels_1                        0x080049e1   Thumb Code     0  rtexit2.o(.ARM.Collect$$rtexit$$00000002)
    __rt_exit_exit                           0x080049e5   Thumb Code     0  rtexit2.o(.ARM.Collect$$rtexit$$00000004)
    Reset_Handler                            0x080049ed   Thumb Code     8  startup_stm32f10x_cl.o(.text)
    BusFault_Handler                         0x080049fb   Thumb Code     2  startup_stm32f10x_cl.o(.text)
    SVC_Handler                              0x080049ff   Thumb Code     2  startup_stm32f10x_cl.o(.text)
    DebugMon_Handler                         0x08004a01   Thumb Code     2  startup_stm32f10x_cl.o(.text)
    ADC1_2_IRQHandler                        0x08004a07   Thumb Code     0  startup_stm32f10x_cl.o(.text)
    CAN1_RX0_IRQHandler                      0x08004a07   Thumb Code     0  startup_stm32f10x_cl.o(.text)
    CAN1_RX1_IRQHandler                      0x08004a07   Thumb Code     0  startup_stm32f10x_cl.o(.text)
    CAN1_SCE_IRQHandler                      0x08004a07   Thumb Code     0  startup_stm32f10x_cl.o(.text)
    CAN1_TX_IRQHandler                       0x08004a07   Thumb Code     0  startup_stm32f10x_cl.o(.text)
    CAN2_RX0_IRQHandler                      0x08004a07   Thumb Code     0  startup_stm32f10x_cl.o(.text)
    CAN2_RX1_IRQHandler                      0x08004a07   Thumb Code     0  startup_stm32f10x_cl.o(.text)
    CAN2_SCE_IRQHandler                      0x08004a07   Thumb Code     0  startup_stm32f10x_cl.o(.text)
    CAN2_TX_IRQHandler                       0x08004a07   Thumb Code     0  startup_stm32f10x_cl.o(.text)
    DMA1_Channel1_IRQHandler                 0x08004a07   Thumb Code     0  startup_stm32f10x_cl.o(.text)
    DMA1_Channel2_IRQHandler                 0x08004a07   Thumb Code     0  startup_stm32f10x_cl.o(.text)
    DMA1_Channel3_IRQHandler                 0x08004a07   Thumb Code     0  startup_stm32f10x_cl.o(.text)
    DMA1_Channel4_IRQHandler                 0x08004a07   Thumb Code     0  startup_stm32f10x_cl.o(.text)
    DMA1_Channel5_IRQHandler                 0x08004a07   Thumb Code     0  startup_stm32f10x_cl.o(.text)
    DMA1_Channel6_IRQHandler                 0x08004a07   Thumb Code     0  startup_stm32f10x_cl.o(.text)
    DMA1_Channel7_IRQHandler                 0x08004a07   Thumb Code     0  startup_stm32f10x_cl.o(.text)
    DMA2_Channel1_IRQHandler                 0x08004a07   Thumb Code     0  startup_stm32f10x_cl.o(.text)
    DMA2_Channel2_IRQHandler                 0x08004a07   Thumb Code     0  startup_stm32f10x_cl.o(.text)
    DMA2_Channel3_IRQHandler                 0x08004a07   Thumb Code     0  startup_stm32f10x_cl.o(.text)
    DMA2_Channel4_IRQHandler                 0x08004a07   Thumb Code     0  startup_stm32f10x_cl.o(.text)
    DMA2_Channel5_IRQHandler                 0x08004a07   Thumb Code     0  startup_stm32f10x_cl.o(.text)
    ETH_IRQHandler                           0x08004a07   Thumb Code     0  startup_stm32f10x_cl.o(.text)
    ETH_WKUP_IRQHandler                      0x08004a07   Thumb Code     0  startup_stm32f10x_cl.o(.text)
    EXTI0_IRQHandler                         0x08004a07   Thumb Code     0  startup_stm32f10x_cl.o(.text)
    EXTI15_10_IRQHandler                     0x08004a07   Thumb Code     0  startup_stm32f10x_cl.o(.text)
    EXTI1_IRQHandler                         0x08004a07   Thumb Code     0  startup_stm32f10x_cl.o(.text)
    EXTI2_IRQHandler                         0x08004a07   Thumb Code     0  startup_stm32f10x_cl.o(.text)
    EXTI3_IRQHandler                         0x08004a07   Thumb Code     0  startup_stm32f10x_cl.o(.text)
    EXTI4_IRQHandler                         0x08004a07   Thumb Code     0  startup_stm32f10x_cl.o(.text)
    EXTI9_5_IRQHandler                       0x08004a07   Thumb Code     0  startup_stm32f10x_cl.o(.text)
    FLASH_IRQHandler                         0x08004a07   Thumb Code     0  startup_stm32f10x_cl.o(.text)
    I2C1_ER_IRQHandler                       0x08004a07   Thumb Code     0  startup_stm32f10x_cl.o(.text)
    I2C1_EV_IRQHandler                       0x08004a07   Thumb Code     0  startup_stm32f10x_cl.o(.text)
    I2C2_ER_IRQHandler                       0x08004a07   Thumb Code     0  startup_stm32f10x_cl.o(.text)
    I2C2_EV_IRQHandler                       0x08004a07   Thumb Code     0  startup_stm32f10x_cl.o(.text)
    OTG_FS_IRQHandler                        0x08004a07   Thumb Code     0  startup_stm32f10x_cl.o(.text)
    OTG_FS_WKUP_IRQHandler                   0x08004a07   Thumb Code     0  startup_stm32f10x_cl.o(.text)
    PVD_IRQHandler                           0x08004a07   Thumb Code     0  startup_stm32f10x_cl.o(.text)
    RCC_IRQHandler                           0x08004a07   Thumb Code     0  startup_stm32f10x_cl.o(.text)
    RTCAlarm_IRQHandler                      0x08004a07   Thumb Code     0  startup_stm32f10x_cl.o(.text)
    RTC_IRQHandler                           0x08004a07   Thumb Code     0  startup_stm32f10x_cl.o(.text)
    SPI1_IRQHandler                          0x08004a07   Thumb Code     0  startup_stm32f10x_cl.o(.text)
    SPI2_IRQHandler                          0x08004a07   Thumb Code     0  startup_stm32f10x_cl.o(.text)
    SPI3_IRQHandler                          0x08004a07   Thumb Code     0  startup_stm32f10x_cl.o(.text)
    TAMPER_IRQHandler                        0x08004a07   Thumb Code     0  startup_stm32f10x_cl.o(.text)
    TIM1_BRK_IRQHandler                      0x08004a07   Thumb Code     0  startup_stm32f10x_cl.o(.text)
    TIM1_CC_IRQHandler                       0x08004a07   Thumb Code     0  startup_stm32f10x_cl.o(.text)
    TIM1_TRG_COM_IRQHandler                  0x08004a07   Thumb Code     0  startup_stm32f10x_cl.o(.text)
    TIM1_UP_IRQHandler                       0x08004a07   Thumb Code     0  startup_stm32f10x_cl.o(.text)
    TIM2_IRQHandler                          0x08004a07   Thumb Code     0  startup_stm32f10x_cl.o(.text)
    TIM3_IRQHandler                          0x08004a07   Thumb Code     0  startup_stm32f10x_cl.o(.text)
    TIM7_IRQHandler                          0x08004a07   Thumb Code     0  startup_stm32f10x_cl.o(.text)
    UART4_IRQHandler                         0x08004a07   Thumb Code     0  startup_stm32f10x_cl.o(.text)
    UART5_IRQHandler                         0x08004a07   Thumb Code     0  startup_stm32f10x_cl.o(.text)
    USART1_IRQHandler                        0x08004a07   Thumb Code     0  startup_stm32f10x_cl.o(.text)
    USART3_IRQHandler                        0x08004a07   Thumb Code     0  startup_stm32f10x_cl.o(.text)
    WWDG_IRQHandler                          0x08004a07   Thumb Code     0  startup_stm32f10x_cl.o(.text)
    __user_initial_stackheap                 0x08004a09   Thumb Code     0  startup_stm32f10x_cl.o(.text)
    OS_CPU_SR_Save                           0x08004a2d   Thumb Code     0  os_cpu_a.o(.text)
    OS_CPU_SR_Restore                        0x08004a35   Thumb Code     0  os_cpu_a.o(.text)
    OSStartHighRdy                           0x08004a3b   Thumb Code     0  os_cpu_a.o(.text)
    OSCtxSw                                  0x08004a5d   Thumb Code     0  os_cpu_a.o(.text)
    OSIntCtxSw                               0x08004a6b   Thumb Code     0  os_cpu_a.o(.text)
    PendSV_Handler                           0x08004a7b   Thumb Code     0  os_cpu_a.o(.text)
    __aeabi_memcpy                           0x08004ae1   Thumb Code     0  rt_memcpy_v6.o(.text)
    __rt_memcpy                              0x08004ae1   Thumb Code   138  rt_memcpy_v6.o(.text)
    _memcpy_lastbytes                        0x08004b47   Thumb Code     0  rt_memcpy_v6.o(.text)
    __aeabi_memclr                           0x08004b6b   Thumb Code     0  rt_memclr.o(.text)
    __rt_memclr                              0x08004b6b   Thumb Code    68  rt_memclr.o(.text)
    _memset                                  0x08004b6f   Thumb Code     0  rt_memclr.o(.text)
    __use_two_region_memory                  0x08004baf   Thumb Code     2  heapauxi.o(.text)
    __rt_heap_escrow$2region                 0x08004bb1   Thumb Code     2  heapauxi.o(.text)
    __rt_heap_expand$2region                 0x08004bb3   Thumb Code     2  heapauxi.o(.text)
    __aeabi_memcpy4                          0x08004bb5   Thumb Code     0  rt_memcpy_w.o(.text)
    __aeabi_memcpy8                          0x08004bb5   Thumb Code     0  rt_memcpy_w.o(.text)
    __rt_memcpy_w                            0x08004bb5   Thumb Code   100  rt_memcpy_w.o(.text)
    _memcpy_lastbytes_aligned                0x08004bfd   Thumb Code     0  rt_memcpy_w.o(.text)
    __aeabi_memclr4                          0x08004c19   Thumb Code     0  rt_memclr_w.o(.text)
    __aeabi_memclr8                          0x08004c19   Thumb Code     0  rt_memclr_w.o(.text)
    __rt_memclr_w                            0x08004c19   Thumb Code    78  rt_memclr_w.o(.text)
    _memset_w                                0x08004c1d   Thumb Code     0  rt_memclr_w.o(.text)
    __user_setup_stackheap                   0x08004c67   Thumb Code    74  sys_stackheap_outer.o(.text)
    exit                                     0x08004cb1   Thumb Code    18  exit.o(.text)
    __user_libspace                          0x08004cc5   Thumb Code     8  libspace.o(.text)
    __user_perproc_libspace                  0x08004cc5   Thumb Code     0  libspace.o(.text)
    __user_perthread_libspace                0x08004cc5   Thumb Code     0  libspace.o(.text)
    _sys_exit                                0x08004ccd   Thumb Code     8  sys_exit.o(.text)
    __I$use$semihosting                      0x08004cd9   Thumb Code     0  use_no_semi.o(.text)
    __use_no_semihosting_swi                 0x08004cd9   Thumb Code     2  use_no_semi.o(.text)
    __semihosting_library_function           0x08004cdb   Thumb Code     0  indicate_semi.o(.text)
    ALL_GPIO_Init                            0x08004cdd   Thumb Code   146  bsp.o(i.ALL_GPIO_Init)
    ChannelDCM                               0x08004d81   Thumb Code   142  main.o(i.ChannelDCM)
    ChannelNMos                              0x08004e1d   Thumb Code   196  main.o(i.ChannelNMos)
    ChannelPMos                              0x08004eed   Thumb Code   118  main.o(i.ChannelPMos)
    CirQ_GetLength                           0x08004f6d   Thumb Code    14  memq.o(i.CirQ_GetLength)
    CirQ_OnePush                             0x08004f7b   Thumb Code    74  memq.o(i.CirQ_OnePush)
    CirQ_Pop                                 0x08004fc5   Thumb Code    72  memq.o(i.CirQ_Pop)
    CirQ_Pushs                               0x0800500d   Thumb Code   166  memq.o(i.CirQ_Pushs)
    Cir_Queue_Init                           0x080050b3   Thumb Code    64  memq.o(i.Cir_Queue_Init)
    GPIO_Init                                0x080050f3   Thumb Code   278  stm32f10x_gpio.o(i.GPIO_Init)
    GPIO_ReadInputDataBit                    0x08005209   Thumb Code    18  stm32f10x_gpio.o(i.GPIO_ReadInputDataBit)
    GPIO_ResetBits                           0x0800521b   Thumb Code     4  stm32f10x_gpio.o(i.GPIO_ResetBits)
    GPIO_SetBits                             0x0800521f   Thumb Code     4  stm32f10x_gpio.o(i.GPIO_SetBits)
    HardFault_Handler                        0x08005223   Thumb Code     4  stm32f10x_it.o(i.HardFault_Handler)
    MemBuf_Init                              0x08005229   Thumb Code   242  memblock.o(i.MemBuf_Init)
    MemManage_Handler                        0x08005359   Thumb Code     4  stm32f10x_it.o(i.MemManage_Handler)
    Mem_free                                 0x0800535d   Thumb Code   286  memblock.o(i.Mem_free)
    Mem_malloc                               0x0800549d   Thumb Code   476  memblock.o(i.Mem_malloc)
    NMI_Handler                              0x08005699   Thumb Code     2  stm32f10x_it.o(i.NMI_Handler)
    NVIC_Init                                0x0800569d   Thumb Code   100  misc.o(i.NVIC_Init)
    NVIC_PriorityGroupConfig                 0x0800570d   Thumb Code    10  misc.o(i.NVIC_PriorityGroupConfig)
    NVIC_SetVectorTable                      0x08005721   Thumb Code    12  misc.o(i.NVIC_SetVectorTable)
    OSInit                                   0x08005735   Thumb Code    44  os_core.o(i.OSInit)
    OSInitHookBegin                          0x08005761   Thumb Code     2  os_cpu_c.o(i.OSInitHookBegin)
    OSInitHookEnd                            0x08005763   Thumb Code     2  os_cpu_c.o(i.OSInitHookEnd)
    OSIntEnter                               0x08005765   Thumb Code    28  os_core.o(i.OSIntEnter)
    OSIntExit                                0x08005789   Thumb Code   112  os_core.o(i.OSIntExit)
    OSMemCreate                              0x08005819   Thumb Code   118  os_mem.o(i.OSMemCreate)
    OSMemGet                                 0x08005895   Thumb Code    62  os_mem.o(i.OSMemGet)
    OSMemPut                                 0x080058d3   Thumb Code    54  os_mem.o(i.OSMemPut)
    OSQCreate                                0x08005909   Thumb Code   140  os_q.o(i.OSQCreate)
    OSQPend                                  0x080059a1   Thumb Code   272  os_q.o(i.OSQPend)
    OSQPost                                  0x08005abd   Thumb Code   114  os_q.o(i.OSQPost)
    OSStart                                  0x08005b31   Thumb Code    48  os_core.o(i.OSStart)
    OSTCBInitHook                            0x08005b79   Thumb Code     2  os_cpu_c.o(i.OSTCBInitHook)
    OSTaskCreate                             0x08005b7d   Thumb Code   148  os_task.o(i.OSTaskCreate)
    OSTaskCreateExt                          0x08005c1d   Thumb Code   170  os_task.o(i.OSTaskCreateExt)
    OSTaskCreateHook                         0x08005cd5   Thumb Code     2  os_cpu_c.o(i.OSTaskCreateHook)
    OSTaskIdleHook                           0x08005cd7   Thumb Code     2  os_cpu_c.o(i.OSTaskIdleHook)
    OSTaskNameSet                            0x08005cd9   Thumb Code    98  os_task.o(i.OSTaskNameSet)
    OSTaskStatHook                           0x08005d49   Thumb Code     2  os_cpu_c.o(i.OSTaskStatHook)
    OSTaskStkChk                             0x08005d4d   Thumb Code   132  os_task.o(i.OSTaskStkChk)
    OSTaskStkInit                            0x08005dd9   Thumb Code   154  os_cpu_c.o(i.OSTaskStkInit)
    OSTaskSuspend                            0x08005e75   Thumb Code   152  os_task.o(i.OSTaskSuspend)
    OSTaskSwHook                             0x08005f1d   Thumb Code     2  os_cpu_c.o(i.OSTaskSwHook)
    OSTimeDly                                0x08005f21   Thumb Code   100  os_time.o(i.OSTimeDly)
    OSTimeDlyHMSM                            0x08005f99   Thumb Code    86  os_time.o(i.OSTimeDlyHMSM)
    OSTimeTick                               0x08005ff9   Thumb Code   210  os_core.o(i.OSTimeTick)
    OSTimeTickHook                           0x080060e5   Thumb Code     2  os_cpu_c.o(i.OSTimeTickHook)
    OS_EventTaskRdy                          0x080060e9   Thumb Code   114  os_core.o(i.OS_EventTaskRdy)
    OS_EventTaskRemove                       0x0800616d   Thumb Code    42  os_core.o(i.OS_EventTaskRemove)
    OS_EventTaskWait                         0x08006199   Thumb Code   112  os_core.o(i.OS_EventTaskWait)
    OS_EventWaitListInit                     0x08006215   Thumb Code    28  os_core.o(i.OS_EventWaitListInit)
    OS_MemClr                                0x0800643d   Thumb Code    18  os_core.o(i.OS_MemClr)
    OS_MemInit                               0x08006451   Thumb Code    74  os_mem.o(i.OS_MemInit)
    OS_QInit                                 0x080064a9   Thumb Code    74  os_q.o(i.OS_QInit)
    OS_Sched                                 0x080064fd   Thumb Code    88  os_core.o(i.OS_Sched)
    OS_TCBInit                               0x0800659d   Thumb Code   272  os_core.o(i.OS_TCBInit)
    OS_TaskIdle                              0x080066c9   Thumb Code    34  os_core.o(i.OS_TaskIdle)
    OS_TaskStat                              0x080066f1   Thumb Code   116  os_core.o(i.OS_TaskStat)
    OS_TaskStatStkChk                        0x08006779   Thumb Code    54  os_core.o(i.OS_TaskStatStkChk)
    OS_TaskStkClr                            0x080067b5   Thumb Code    26  os_task.o(i.OS_TaskStkClr)
    RCC_APB1PeriphClockCmd                   0x080067d1   Thumb Code    26  stm32f10x_rcc.o(i.RCC_APB1PeriphClockCmd)
    RCC_APB1PeriphResetCmd                   0x080067f1   Thumb Code    26  stm32f10x_rcc.o(i.RCC_APB1PeriphResetCmd)
    RCC_APB2PeriphClockCmd                   0x08006811   Thumb Code    26  stm32f10x_rcc.o(i.RCC_APB2PeriphClockCmd)
    RCC_APB2PeriphResetCmd                   0x08006831   Thumb Code    26  stm32f10x_rcc.o(i.RCC_APB2PeriphResetCmd)
    RCC_GetClocksFreq                        0x08006851   Thumb Code   374  stm32f10x_rcc.o(i.RCC_GetClocksFreq)
    RS485SendDatas                           0x080069dd   Thumb Code    86  rs485uartinit.o(i.RS485SendDatas)
    RS485Task                                0x08006a3d   Thumb Code   206  rs232_485task.o(i.RS485Task)
    RS485_UartConfig                         0x08006b15   Thumb Code   198  rs485uartinit.o(i.RS485_UartConfig)
    ResTest                                  0x08006be5   Thumb Code   394  main.o(i.ResTest)
    Reset_AllGPIO                            0x08006d79   Thumb Code   100  bsp.o(i.Reset_AllGPIO)
    StartTask                                0x08006edd   Thumb Code   106  main.o(i.StartTask)
    Store_Clear                              0x08006f69   Thumb Code    42  memstore.o(i.Store_Clear)
    Store_Getdates                           0x08006f93   Thumb Code    82  memstore.o(i.Store_Getdates)
    Store_Getlength                          0x08006fe5   Thumb Code    14  memstore.o(i.Store_Getlength)
    Store_Init                               0x08006ff3   Thumb Code    60  memstore.o(i.Store_Init)
    Store_Push                               0x0800702f   Thumb Code    56  memstore.o(i.Store_Push)
    SysTickInit                              0x08007069   Thumb Code    90  bsp.o(i.SysTickInit)
    SysTick_CLKSourceConfig                  0x080070d1   Thumb Code    40  misc.o(i.SysTick_CLKSourceConfig)
    SysTick_Handler                          0x080070f9   Thumb Code    16  stm32f10x_it.o(i.SysTick_Handler)
    SystemBspInit                            0x08007109   Thumb Code    20  bsp.o(i.SystemBspInit)
    SystemInit                               0x0800711d   Thumb Code    68  system_stm32f10x.o(i.SystemInit)
    TIM4_IRQHandler                          0x0800716d   Thumb Code    80  stm32f10x_it.o(i.TIM4_IRQHandler)
    TIM5_IRQHandler                          0x080071c1   Thumb Code    80  stm32f10x_it.o(i.TIM5_IRQHandler)
    TIM6_IRQHandler                          0x08007215   Thumb Code    20  stm32f10x_it.o(i.TIM6_IRQHandler)
    TIM_ClearITPendingBit                    0x0800722d   Thumb Code     6  stm32f10x_tim.o(i.TIM_ClearITPendingBit)
    TIM_GetITStatus                          0x08007233   Thumb Code    34  stm32f10x_tim.o(i.TIM_GetITStatus)
    USART2_IRQHandler                        0x08007255   Thumb Code   324  rs485uartinit.o(i.USART2_IRQHandler)
    USART_ClearFlag                          0x080073c1   Thumb Code    18  stm32f10x_usart.o(i.USART_ClearFlag)
    USART_ClearITPendingBit                  0x080073d3   Thumb Code    30  stm32f10x_usart.o(i.USART_ClearITPendingBit)
    USART_Cmd                                0x080073f1   Thumb Code    24  stm32f10x_usart.o(i.USART_Cmd)
    USART_DeInit                             0x08007409   Thumb Code   134  stm32f10x_usart.o(i.USART_DeInit)
    USART_GetITStatus                        0x080074a5   Thumb Code    84  stm32f10x_usart.o(i.USART_GetITStatus)
    USART_ITConfig                           0x080074f9   Thumb Code    74  stm32f10x_usart.o(i.USART_ITConfig)
    USART_Init                               0x08007545   Thumb Code   210  stm32f10x_usart.o(i.USART_Init)
    USART_ReceiveData                        0x0800761d   Thumb Code    10  stm32f10x_usart.o(i.USART_ReceiveData)
    USART_SendData                           0x08007627   Thumb Code     8  stm32f10x_usart.o(i.USART_SendData)
    UpElecInit                               0x0800762f   Thumb Code   234  rs232_485task.o(i.UpElecInit)
    UsageFault_Handler                       0x08007719   Thumb Code     4  stm32f10x_it.o(i.UsageFault_Handler)
    VolTest                                  0x0800771d   Thumb Code    82  main.o(i.VolTest)
    main                                     0x08007779   Thumb Code    74  main.o(i.main)
    OSUnMapTbl                               0x080077d4   Data         256  os_core.o(.constdata)
    Region$$Table$$Base                      0x080078d4   Number         0  anon$$obj.o(Region$$Table)
    Region$$Table$$Limit                     0x080078f4   Number         0  anon$$obj.o(Region$$Table)
    rs485RcvQ                                0x20000000   Data           4  main.o(.data)
    send485_Q                                0x20000004   Data           4  main.o(.data)
    rece485_S                                0x20000008   Data           4  main.o(.data)
    pinDBState                               0x2000000c   Data           1  main.o(.data)
    reportDB                                 0x2000000d   Data           7  main.o(.data)
    DB26_TestFlag                            0x20000014   Data           1  rs232_485task.o(.data)
    pMemBuf_16B                              0x20000018   Data           4  memblock.o(.data)
    pMemBuf_32B                              0x2000001c   Data           4  memblock.o(.data)
    pMemBuf_64B                              0x20000020   Data           4  memblock.o(.data)
    pMemBuf_128B                             0x20000024   Data           4  memblock.o(.data)
    pMemBuf_256B                             0x20000028   Data           4  memblock.o(.data)
    pMemBuf_512B                             0x2000002c   Data           4  memblock.o(.data)
    pMemBuf_1KB                              0x20000030   Data           4  memblock.o(.data)
    p485Rece                                 0x20000038   Data           4  rs485uartinit.o(.data)
    SystemCoreClock                          0x20000040   Data           4  system_stm32f10x.o(.data)
    OSCtxSwCtr                               0x20000058   Data           4  os_core.o(.data)
    OSEventFreeList                          0x2000005c   Data           4  os_core.o(.data)
    OSCPUUsage                               0x20000060   Data           1  os_core.o(.data)
    OSIdleCtrMax                             0x20000064   Data           4  os_core.o(.data)
    OSIdleCtrRun                             0x20000068   Data           4  os_core.o(.data)
    OSStatRdy                                0x2000006c   Data           1  os_core.o(.data)
    OSIntNesting                             0x2000006d   Data           1  os_core.o(.data)
    OSLockNesting                            0x2000006e   Data           1  os_core.o(.data)
    OSPrioCur                                0x2000006f   Data           1  os_core.o(.data)
    OSPrioHighRdy                            0x20000070   Data           1  os_core.o(.data)
    OSRdyGrp                                 0x20000071   Data           1  os_core.o(.data)
    OSRdyTbl                                 0x20000072   Data           8  os_core.o(.data)
    OSRunning                                0x2000007a   Data           1  os_core.o(.data)
    OSTaskCtr                                0x2000007b   Data           1  os_core.o(.data)
    OSIdleCtr                                0x2000007c   Data           4  os_core.o(.data)
    OSTCBCur                                 0x20000080   Data           4  os_core.o(.data)
    OSTCBFreeList                            0x20000084   Data           4  os_core.o(.data)
    OSTCBHighRdy                             0x20000088   Data           4  os_core.o(.data)
    OSTCBList                                0x2000008c   Data           4  os_core.o(.data)
    OSTickStepState                          0x20000090   Data           1  os_core.o(.data)
    OSMemFreeList                            0x20000094   Data           4  os_core.o(.data)
    OSQFreeList                              0x20000098   Data           4  os_core.o(.data)
    OSTime                                   0x2000009c   Data           4  os_core.o(.data)
    START_TASK_STK                           0x200000a0   Data         512  main.o(.bss)
    RS485_TASK_STK                           0x200002a0   Data         512  main.o(.bss)
    rs485SendBuf                             0x200004a0   Data          20  main.o(.bss)
    MemBuf_16B                               0x200004b4   Data         720  memblock.o(.bss)
    MemBuf_32B                               0x20000784   Data         680  memblock.o(.bss)
    MemBuf_64B                               0x20000a2c   Data        1320  memblock.o(.bss)
    MemBuf_128B                              0x20000f54   Data        1300  memblock.o(.bss)
    MemBuf_256B                              0x20001468   Data        2580  memblock.o(.bss)
    MemBuf_512B                              0x20001e7c   Data        1028  memblock.o(.bss)
    MemBuf_1KB                               0x20002280   Data        2052  memblock.o(.bss)
    allMemState                              0x20002a84   Data          16  memblock.o(.bss)
    OSEventTbl                               0x20002a94   Data        1000  os_core.o(.bss)
    OSTaskStatStk                            0x20002e7c   Data         512  os_core.o(.bss)
    OSTaskIdleStk                            0x2000307c   Data         512  os_core.o(.bss)
    OSTCBPrioTbl                             0x2000327c   Data         256  os_core.o(.bss)
    OSTCBTbl                                 0x2000337c   Data        2052  os_core.o(.bss)
    OSMemTbl                                 0x20003b80   Data         240  os_core.o(.bss)
    OSQTbl                                   0x20003c70   Data         480  os_core.o(.bss)
    __libspace_start                         0x20003e50   Data          96  libspace.o(.bss)
    __temporary_stack_top$libspace           0x20003eb0   Data           0  libspace.o(.bss)



==============================================================================

Memory Map of the image

  Image Entry point : 0x08004951

  Load Region LR_IROM1 (Base: 0x08004800, Size: 0x00003194, Max: 0x0000e000, ABSOLUTE)

    Execution Region ER_IROM1 (Exec base: 0x08004800, Load base: 0x08004800, Size: 0x000030f4, Max: 0x0000e000, ABSOLUTE)

    Exec Addr    Load Addr    Size         Type   Attr      Idx    E Section Name        Object

    0x08004800   0x08004800   0x00000150   Data   RO          603    RESET               startup_stm32f10x_cl.o
    0x08004950   0x08004950   0x00000008   Code   RO         4322  * !!!main             c_w.l(__main.o)
    0x08004958   0x08004958   0x00000034   Code   RO         4483    !!!scatter          c_w.l(__scatter.o)
    0x0800498c   0x0800498c   0x0000001a   Code   RO         4485    !!handler_copy      c_w.l(__scatter_copy.o)
    0x080049a6   0x080049a6   0x00000002   PAD
    0x080049a8   0x080049a8   0x0000001c   Code   RO         4487    !!handler_zi        c_w.l(__scatter_zi.o)
    0x080049c4   0x080049c4   0x00000002   Code   RO         4353    .ARM.Collect$$libinit$$00000000  c_w.l(libinit.o)
    0x080049c6   0x080049c6   0x00000000   Code   RO         4360    .ARM.Collect$$libinit$$00000002  c_w.l(libinit2.o)
    0x080049c6   0x080049c6   0x00000000   Code   RO         4362    .ARM.Collect$$libinit$$00000004  c_w.l(libinit2.o)
    0x080049c6   0x080049c6   0x00000000   Code   RO         4365    .ARM.Collect$$libinit$$0000000A  c_w.l(libinit2.o)
    0x080049c6   0x080049c6   0x00000000   Code   RO         4367    .ARM.Collect$$libinit$$0000000C  c_w.l(libinit2.o)
    0x080049c6   0x080049c6   0x00000000   Code   RO         4369    .ARM.Collect$$libinit$$0000000E  c_w.l(libinit2.o)
    0x080049c6   0x080049c6   0x00000000   Code   RO         4372    .ARM.Collect$$libinit$$00000011  c_w.l(libinit2.o)
    0x080049c6   0x080049c6   0x00000000   Code   RO         4374    .ARM.Collect$$libinit$$00000013  c_w.l(libinit2.o)
    0x080049c6   0x080049c6   0x00000000   Code   RO         4376    .ARM.Collect$$libinit$$00000015  c_w.l(libinit2.o)
    0x080049c6   0x080049c6   0x00000000   Code   RO         4378    .ARM.Collect$$libinit$$00000017  c_w.l(libinit2.o)
    0x080049c6   0x080049c6   0x00000000   Code   RO         4380    .ARM.Collect$$libinit$$00000019  c_w.l(libinit2.o)
    0x080049c6   0x080049c6   0x00000000   Code   RO         4382    .ARM.Collect$$libinit$$0000001B  c_w.l(libinit2.o)
    0x080049c6   0x080049c6   0x00000000   Code   RO         4384    .ARM.Collect$$libinit$$0000001D  c_w.l(libinit2.o)
    0x080049c6   0x080049c6   0x00000000   Code   RO         4386    .ARM.Collect$$libinit$$0000001F  c_w.l(libinit2.o)
    0x080049c6   0x080049c6   0x00000000   Code   RO         4388    .ARM.Collect$$libinit$$00000021  c_w.l(libinit2.o)
    0x080049c6   0x080049c6   0x00000000   Code   RO         4390    .ARM.Collect$$libinit$$00000023  c_w.l(libinit2.o)
    0x080049c6   0x080049c6   0x00000000   Code   RO         4392    .ARM.Collect$$libinit$$00000025  c_w.l(libinit2.o)
    0x080049c6   0x080049c6   0x00000000   Code   RO         4396    .ARM.Collect$$libinit$$0000002C  c_w.l(libinit2.o)
    0x080049c6   0x080049c6   0x00000000   Code   RO         4398    .ARM.Collect$$libinit$$0000002E  c_w.l(libinit2.o)
    0x080049c6   0x080049c6   0x00000000   Code   RO         4400    .ARM.Collect$$libinit$$00000030  c_w.l(libinit2.o)
    0x080049c6   0x080049c6   0x00000000   Code   RO         4402    .ARM.Collect$$libinit$$00000032  c_w.l(libinit2.o)
    0x080049c6   0x080049c6   0x00000002   Code   RO         4403    .ARM.Collect$$libinit$$00000033  c_w.l(libinit2.o)
    0x080049c8   0x080049c8   0x00000002   Code   RO         4423    .ARM.Collect$$libshutdown$$00000000  c_w.l(libshutdown.o)
    0x080049ca   0x080049ca   0x00000000   Code   RO         4436    .ARM.Collect$$libshutdown$$00000002  c_w.l(libshutdown2.o)
    0x080049ca   0x080049ca   0x00000000   Code   RO         4438    .ARM.Collect$$libshutdown$$00000004  c_w.l(libshutdown2.o)
    0x080049ca   0x080049ca   0x00000000   Code   RO         4441    .ARM.Collect$$libshutdown$$00000007  c_w.l(libshutdown2.o)
    0x080049ca   0x080049ca   0x00000000   Code   RO         4444    .ARM.Collect$$libshutdown$$0000000A  c_w.l(libshutdown2.o)
    0x080049ca   0x080049ca   0x00000000   Code   RO         4446    .ARM.Collect$$libshutdown$$0000000C  c_w.l(libshutdown2.o)
    0x080049ca   0x080049ca   0x00000000   Code   RO         4449    .ARM.Collect$$libshutdown$$0000000F  c_w.l(libshutdown2.o)
    0x080049ca   0x080049ca   0x00000002   Code   RO         4450    .ARM.Collect$$libshutdown$$00000010  c_w.l(libshutdown2.o)
    0x080049cc   0x080049cc   0x00000000   Code   RO         4324    .ARM.Collect$$rtentry$$00000000  c_w.l(__rtentry.o)
    0x080049cc   0x080049cc   0x00000000   Code   RO         4330    .ARM.Collect$$rtentry$$00000002  c_w.l(__rtentry2.o)
    0x080049cc   0x080049cc   0x00000006   Code   RO         4342    .ARM.Collect$$rtentry$$00000004  c_w.l(__rtentry4.o)
    0x080049d2   0x080049d2   0x00000000   Code   RO         4332    .ARM.Collect$$rtentry$$00000009  c_w.l(__rtentry2.o)
    0x080049d2   0x080049d2   0x00000004   Code   RO         4333    .ARM.Collect$$rtentry$$0000000A  c_w.l(__rtentry2.o)
    0x080049d6   0x080049d6   0x00000000   Code   RO         4335    .ARM.Collect$$rtentry$$0000000C  c_w.l(__rtentry2.o)
    0x080049d6   0x080049d6   0x00000008   Code   RO         4336    .ARM.Collect$$rtentry$$0000000D  c_w.l(__rtentry2.o)
    0x080049de   0x080049de   0x00000002   Code   RO         4357    .ARM.Collect$$rtexit$$00000000  c_w.l(rtexit.o)
    0x080049e0   0x080049e0   0x00000000   Code   RO         4405    .ARM.Collect$$rtexit$$00000002  c_w.l(rtexit2.o)
    0x080049e0   0x080049e0   0x00000004   Code   RO         4406    .ARM.Collect$$rtexit$$00000003  c_w.l(rtexit2.o)
    0x080049e4   0x080049e4   0x00000006   Code   RO         4407    .ARM.Collect$$rtexit$$00000004  c_w.l(rtexit2.o)
    0x080049ea   0x080049ea   0x00000002   PAD
    0x080049ec   0x080049ec   0x00000040   Code   RO          604    .text               startup_stm32f10x_cl.o
    0x08004a2c   0x08004a2c   0x000000b4   Code   RO         4229    .text               os_cpu_a.o
    0x08004ae0   0x08004ae0   0x0000008a   Code   RO         4316    .text               c_w.l(rt_memcpy_v6.o)
    0x08004b6a   0x08004b6a   0x00000044   Code   RO         4318    .text               c_w.l(rt_memclr.o)
    0x08004bae   0x08004bae   0x00000006   Code   RO         4320    .text               c_w.l(heapauxi.o)
    0x08004bb4   0x08004bb4   0x00000064   Code   RO         4325    .text               c_w.l(rt_memcpy_w.o)
    0x08004c18   0x08004c18   0x0000004e   Code   RO         4327    .text               c_w.l(rt_memclr_w.o)
    0x08004c66   0x08004c66   0x0000004a   Code   RO         4344    .text               c_w.l(sys_stackheap_outer.o)
    0x08004cb0   0x08004cb0   0x00000012   Code   RO         4346    .text               c_w.l(exit.o)
    0x08004cc2   0x08004cc2   0x00000002   PAD
    0x08004cc4   0x08004cc4   0x00000008   Code   RO         4354    .text               c_w.l(libspace.o)
    0x08004ccc   0x08004ccc   0x0000000c   Code   RO         4415    .text               c_w.l(sys_exit.o)
    0x08004cd8   0x08004cd8   0x00000002   Code   RO         4426    .text               c_w.l(use_no_semi.o)
    0x08004cda   0x08004cda   0x00000000   Code   RO         4428    .text               c_w.l(indicate_semi.o)
    0x08004cda   0x08004cda   0x00000002   PAD
    0x08004cdc   0x08004cdc   0x000000a4   Code   RO            1    i.ALL_GPIO_Init     bsp.o
    0x08004d80   0x08004d80   0x0000009c   Code   RO          168    i.ChannelDCM        main.o
    0x08004e1c   0x08004e1c   0x000000d0   Code   RO          169    i.ChannelNMos       main.o
    0x08004eec   0x08004eec   0x00000080   Code   RO          170    i.ChannelPMos       main.o
    0x08004f6c   0x08004f6c   0x0000000e   Code   RO          316    i.CirQ_GetLength    memq.o
    0x08004f7a   0x08004f7a   0x0000004a   Code   RO          317    i.CirQ_OnePush      memq.o
    0x08004fc4   0x08004fc4   0x00000048   Code   RO          318    i.CirQ_Pop          memq.o
    0x0800500c   0x0800500c   0x000000a6   Code   RO          319    i.CirQ_Pushs        memq.o
    0x080050b2   0x080050b2   0x00000040   Code   RO          320    i.Cir_Queue_Init    memq.o
    0x080050f2   0x080050f2   0x00000116   Code   RO         1759    i.GPIO_Init         stm32f10x_gpio.o
    0x08005208   0x08005208   0x00000012   Code   RO         1763    i.GPIO_ReadInputDataBit  stm32f10x_gpio.o
    0x0800521a   0x0800521a   0x00000004   Code   RO         1766    i.GPIO_ResetBits    stm32f10x_gpio.o
    0x0800521e   0x0800521e   0x00000004   Code   RO         1767    i.GPIO_SetBits      stm32f10x_gpio.o
    0x08005222   0x08005222   0x00000004   Code   RO          489    i.HardFault_Handler  stm32f10x_it.o
    0x08005226   0x08005226   0x00000002   PAD
    0x08005228   0x08005228   0x00000130   Code   RO          286    i.MemBuf_Init       memblock.o
    0x08005358   0x08005358   0x00000004   Code   RO          490    i.MemManage_Handler  stm32f10x_it.o
    0x0800535c   0x0800535c   0x00000140   Code   RO          287    i.Mem_free          memblock.o
    0x0800549c   0x0800549c   0x000001fc   Code   RO          288    i.Mem_malloc        memblock.o
    0x08005698   0x08005698   0x00000002   Code   RO          491    i.NMI_Handler       stm32f10x_it.o
    0x0800569a   0x0800569a   0x00000002   PAD
    0x0800569c   0x0800569c   0x00000070   Code   RO          608    i.NVIC_Init         misc.o
    0x0800570c   0x0800570c   0x00000014   Code   RO          609    i.NVIC_PriorityGroupConfig  misc.o
    0x08005720   0x08005720   0x00000014   Code   RO          610    i.NVIC_SetVectorTable  misc.o
    0x08005734   0x08005734   0x0000002c   Code   RO         3629    i.OSInit            os_core.o
    0x08005760   0x08005760   0x00000002   Code   RO         4232    i.OSInitHookBegin   os_cpu_c.o
    0x08005762   0x08005762   0x00000002   Code   RO         4233    i.OSInitHookEnd     os_cpu_c.o
    0x08005764   0x08005764   0x00000024   Code   RO         3630    i.OSIntEnter        os_core.o
    0x08005788   0x08005788   0x00000090   Code   RO         3631    i.OSIntExit         os_core.o
    0x08005818   0x08005818   0x0000007c   Code   RO         3870    i.OSMemCreate       os_mem.o
    0x08005894   0x08005894   0x0000003e   Code   RO         3871    i.OSMemGet          os_mem.o
    0x080058d2   0x080058d2   0x00000036   Code   RO         3874    i.OSMemPut          os_mem.o
    0x08005908   0x08005908   0x00000098   Code   RO         3966    i.OSQCreate         os_q.o
    0x080059a0   0x080059a0   0x0000011c   Code   RO         3969    i.OSQPend           os_q.o
    0x08005abc   0x08005abc   0x00000072   Code   RO         3971    i.OSQPost           os_q.o
    0x08005b2e   0x08005b2e   0x00000002   PAD
    0x08005b30   0x08005b30   0x00000048   Code   RO         3634    i.OSStart           os_core.o
    0x08005b78   0x08005b78   0x00000002   Code   RO         4234    i.OSTCBInitHook     os_cpu_c.o
    0x08005b7a   0x08005b7a   0x00000002   PAD
    0x08005b7c   0x08005b7c   0x000000a0   Code   RO         4092    i.OSTaskCreate      os_task.o
    0x08005c1c   0x08005c1c   0x000000b8   Code   RO         4093    i.OSTaskCreateExt   os_task.o
    0x08005cd4   0x08005cd4   0x00000002   Code   RO         4235    i.OSTaskCreateHook  os_cpu_c.o
    0x08005cd6   0x08005cd6   0x00000002   Code   RO         4237    i.OSTaskIdleHook    os_cpu_c.o
    0x08005cd8   0x08005cd8   0x00000070   Code   RO         4097    i.OSTaskNameSet     os_task.o
    0x08005d48   0x08005d48   0x00000002   Code   RO         4239    i.OSTaskStatHook    os_cpu_c.o
    0x08005d4a   0x08005d4a   0x00000002   PAD
    0x08005d4c   0x08005d4c   0x0000008c   Code   RO         4102    i.OSTaskStkChk      os_task.o
    0x08005dd8   0x08005dd8   0x0000009a   Code   RO         4240    i.OSTaskStkInit     os_cpu_c.o
    0x08005e72   0x08005e72   0x00000002   PAD
    0x08005e74   0x08005e74   0x000000a8   Code   RO         4103    i.OSTaskSuspend     os_task.o
    0x08005f1c   0x08005f1c   0x00000002   Code   RO         4241    i.OSTaskSwHook      os_cpu_c.o
    0x08005f1e   0x08005f1e   0x00000002   PAD
    0x08005f20   0x08005f20   0x00000078   Code   RO         4187    i.OSTimeDly         os_time.o
    0x08005f98   0x08005f98   0x00000060   Code   RO         4188    i.OSTimeDlyHMSM     os_time.o
    0x08005ff8   0x08005ff8   0x000000ec   Code   RO         3636    i.OSTimeTick        os_core.o
    0x080060e4   0x080060e4   0x00000002   Code   RO         4242    i.OSTimeTickHook    os_cpu_c.o
    0x080060e6   0x080060e6   0x00000002   PAD
    0x080060e8   0x080060e8   0x00000084   Code   RO         3639    i.OS_EventTaskRdy   os_core.o
    0x0800616c   0x0800616c   0x0000002a   Code   RO         3640    i.OS_EventTaskRemove  os_core.o
    0x08006196   0x08006196   0x00000002   PAD
    0x08006198   0x08006198   0x0000007c   Code   RO         3641    i.OS_EventTaskWait  os_core.o
    0x08006214   0x08006214   0x0000001c   Code   RO         3642    i.OS_EventWaitListInit  os_core.o
    0x08006230   0x08006230   0x00000054   Code   RO         3643    i.OS_InitEventList  os_core.o
    0x08006284   0x08006284   0x00000054   Code   RO         3644    i.OS_InitMisc       os_core.o
    0x080062d8   0x080062d8   0x00000044   Code   RO         3645    i.OS_InitRdyList    os_core.o
    0x0800631c   0x0800631c   0x00000080   Code   RO         3646    i.OS_InitTCBList    os_core.o
    0x0800639c   0x0800639c   0x00000050   Code   RO         3647    i.OS_InitTaskIdle   os_core.o
    0x080063ec   0x080063ec   0x00000050   Code   RO         3648    i.OS_InitTaskStat   os_core.o
    0x0800643c   0x0800643c   0x00000012   Code   RO         3649    i.OS_MemClr         os_core.o
    0x0800644e   0x0800644e   0x00000002   PAD
    0x08006450   0x08006450   0x00000058   Code   RO         3876    i.OS_MemInit        os_mem.o
    0x080064a8   0x080064a8   0x00000054   Code   RO         3975    i.OS_QInit          os_q.o
    0x080064fc   0x080064fc   0x00000074   Code   RO         3651    i.OS_Sched          os_core.o
    0x08006570   0x08006570   0x0000002c   Code   RO         3652    i.OS_SchedNew       os_core.o
    0x0800659c   0x0800659c   0x0000012c   Code   RO         3654    i.OS_TCBInit        os_core.o
    0x080066c8   0x080066c8   0x00000028   Code   RO         3655    i.OS_TaskIdle       os_core.o
    0x080066f0   0x080066f0   0x00000088   Code   RO         3656    i.OS_TaskStat       os_core.o
    0x08006778   0x08006778   0x0000003c   Code   RO         3657    i.OS_TaskStatStkChk  os_core.o
    0x080067b4   0x080067b4   0x0000001a   Code   RO         4105    i.OS_TaskStkClr     os_task.o
    0x080067ce   0x080067ce   0x00000002   PAD
    0x080067d0   0x080067d0   0x00000020   Code   RO         2176    i.RCC_APB1PeriphClockCmd  stm32f10x_rcc.o
    0x080067f0   0x080067f0   0x00000020   Code   RO         2177    i.RCC_APB1PeriphResetCmd  stm32f10x_rcc.o
    0x08006810   0x08006810   0x00000020   Code   RO         2178    i.RCC_APB2PeriphClockCmd  stm32f10x_rcc.o
    0x08006830   0x08006830   0x00000020   Code   RO         2179    i.RCC_APB2PeriphResetCmd  stm32f10x_rcc.o
    0x08006850   0x08006850   0x0000018c   Code   RO         2186    i.RCC_GetClocksFreq  stm32f10x_rcc.o
    0x080069dc   0x080069dc   0x00000060   Code   RO          417    i.RS485SendDatas    rs485uartinit.o
    0x08006a3c   0x08006a3c   0x000000d8   Code   RO          264    i.RS485Task         rs232_485task.o
    0x08006b14   0x08006b14   0x000000d0   Code   RO          418    i.RS485_UartConfig  rs485uartinit.o
    0x08006be4   0x08006be4   0x00000194   Code   RO          171    i.ResTest           main.o
    0x08006d78   0x08006d78   0x00000078   Code   RO            2    i.Reset_AllGPIO     bsp.o
    0x08006df0   0x08006df0   0x00000008   Code   RO          572    i.SetSysClock       system_stm32f10x.o
    0x08006df8   0x08006df8   0x000000e4   Code   RO          573    i.SetSysClockTo72   system_stm32f10x.o
    0x08006edc   0x08006edc   0x0000008c   Code   RO          172    i.StartTask         main.o
    0x08006f68   0x08006f68   0x0000002a   Code   RO          362    i.Store_Clear       memstore.o
    0x08006f92   0x08006f92   0x00000052   Code   RO          364    i.Store_Getdates    memstore.o
    0x08006fe4   0x08006fe4   0x0000000e   Code   RO          365    i.Store_Getlength   memstore.o
    0x08006ff2   0x08006ff2   0x0000003c   Code   RO          366    i.Store_Init        memstore.o
    0x0800702e   0x0800702e   0x00000038   Code   RO          368    i.Store_Push        memstore.o
    0x08007066   0x08007066   0x00000002   PAD
    0x08007068   0x08007068   0x00000068   Code   RO            3    i.SysTickInit       bsp.o
    0x080070d0   0x080070d0   0x00000028   Code   RO          612    i.SysTick_CLKSourceConfig  misc.o
    0x080070f8   0x080070f8   0x00000010   Code   RO          492    i.SysTick_Handler   stm32f10x_it.o
    0x08007108   0x08007108   0x00000014   Code   RO            4    i.SystemBspInit     bsp.o
    0x0800711c   0x0800711c   0x00000050   Code   RO          574    i.SystemInit        system_stm32f10x.o
    0x0800716c   0x0800716c   0x00000054   Code   RO          493    i.TIM4_IRQHandler   stm32f10x_it.o
    0x080071c0   0x080071c0   0x00000054   Code   RO          494    i.TIM5_IRQHandler   stm32f10x_it.o
    0x08007214   0x08007214   0x00000018   Code   RO          495    i.TIM6_IRQHandler   stm32f10x_it.o
    0x0800722c   0x0800722c   0x00000006   Code   RO         2858    i.TIM_ClearITPendingBit  stm32f10x_tim.o
    0x08007232   0x08007232   0x00000022   Code   RO         2884    i.TIM_GetITStatus   stm32f10x_tim.o
    0x08007254   0x08007254   0x0000016c   Code   RO          419    i.USART2_IRQHandler  rs485uartinit.o
    0x080073c0   0x080073c0   0x00000012   Code   RO         3395    i.USART_ClearFlag   stm32f10x_usart.o
    0x080073d2   0x080073d2   0x0000001e   Code   RO         3396    i.USART_ClearITPendingBit  stm32f10x_usart.o
    0x080073f0   0x080073f0   0x00000018   Code   RO         3399    i.USART_Cmd         stm32f10x_usart.o
    0x08007408   0x08007408   0x0000009c   Code   RO         3401    i.USART_DeInit      stm32f10x_usart.o
    0x080074a4   0x080074a4   0x00000054   Code   RO         3403    i.USART_GetITStatus  stm32f10x_usart.o
    0x080074f8   0x080074f8   0x0000004a   Code   RO         3405    i.USART_ITConfig    stm32f10x_usart.o
    0x08007542   0x08007542   0x00000002   PAD
    0x08007544   0x08007544   0x000000d8   Code   RO         3406    i.USART_Init        stm32f10x_usart.o
    0x0800761c   0x0800761c   0x0000000a   Code   RO         3413    i.USART_ReceiveData  stm32f10x_usart.o
    0x08007626   0x08007626   0x00000008   Code   RO         3416    i.USART_SendData    stm32f10x_usart.o
    0x0800762e   0x0800762e   0x000000ea   Code   RO          265    i.UpElecInit        rs232_485task.o
    0x08007718   0x08007718   0x00000004   Code   RO          496    i.UsageFault_Handler  stm32f10x_it.o
    0x0800771c   0x0800771c   0x0000005c   Code   RO          173    i.VolTest           main.o
    0x08007778   0x08007778   0x0000005c   Code   RO          174    i.main              main.o
    0x080077d4   0x080077d4   0x00000100   Data   RO         3659    .constdata          os_core.o
    0x080078d4   0x080078d4   0x00000020   Data   RO         4481    Region$$Table       anon$$obj.o


    Execution Region RW_IRAM1 (Exec base: 0x20000000, Load base: 0x080078f4, Size: 0x000044b0, Max: 0x00010000, ABSOLUTE)

    Exec Addr    Load Addr    Size         Type   Attr      Idx    E Section Name        Object

    0x20000000   0x080078f4   0x00000014   Data   RW          176    .data               main.o
    0x20000014   0x08007908   0x00000001   Data   RW          266    .data               rs232_485task.o
    0x20000015   0x08007909   0x00000003   PAD
    0x20000018   0x0800790c   0x0000001c   Data   RW          290    .data               memblock.o
    0x20000034   0x08007928   0x0000000a   Data   RW          420    .data               rs485uartinit.o
    0x2000003e   0x08007932   0x00000002   PAD
    0x20000040   0x08007934   0x00000004   Data   RW          576    .data               system_stm32f10x.o
    0x20000044   0x08007938   0x00000014   Data   RW         2214    .data               stm32f10x_rcc.o
    0x20000058   0x0800794c   0x00000048   Data   RW         3660    .data               os_core.o
    0x200000a0        -       0x00000414   Zero   RW          175    .bss                main.o
    0x200004b4        -       0x000025e0   Zero   RW          289    .bss                memblock.o
    0x20002a94        -       0x000013bc   Zero   RW         3658    .bss                os_core.o
    0x20003e50        -       0x00000060   Zero   RW         4355    .bss                c_w.l(libspace.o)
    0x20003eb0        -       0x00000200   Zero   RW          602    HEAP                startup_stm32f10x_cl.o
    0x200040b0        -       0x00000400   Zero   RW          601    STACK               startup_stm32f10x_cl.o


==============================================================================

Image component sizes


      Code (inc. data)   RO Data    RW Data    ZI Data      Debug   Object Name

       408         52          0          0          0     299668   bsp.o
      1220        136          0         20       1044       4803   main.o
      1132        128          0         28       9696       3403   memblock.o
       390          0          0          0          0       3297   memq.o
       254          0          0          0          0       3155   memstore.o
       192         30          0          0          0       2267   misc.o
      2096        380        256         72       5052      19516   os_core.o
       180         36          0          0          0        300   os_cpu_a.o
       170          0          0          0          0      12217   os_cpu_c.o
       328         20          0          0          0       3061   os_mem.o
       634         34          0          0          0       3215   os_q.o
       790         64          0          0          0       5136   os_task.o
       216         30          0          0          0       1316   os_time.o
       450         18          0          1          0       2005   rs232_485task.o
       668         60          0         10          0       2631   rs485uartinit.o
        64         26        336          0       1536        748   startup_stm32f10x_cl.o
       304          0          0          0          0       3332   stm32f10x_gpio.o
       222         12          0          0          0       3207   stm32f10x_it.o
       524         46          0         20          0       5940   stm32f10x_rcc.o
        40          0          0          0          0       1550   stm32f10x_tim.o
       620         28          0          0          0       6702   stm32f10x_usart.o
         0          0          0          0          0         32   sys.o
       316         20          0          4          0       2113   system_stm32f10x.o

    ----------------------------------------------------------------------
     11244       1120        624        160      17328     389614   Object Totals
         0          0         32          0          0          0   (incl. Generated)
        26          0          0          5          0          0   (incl. Padding)

    ----------------------------------------------------------------------

      Code (inc. data)   RO Data    RW Data    ZI Data      Debug   Library Member Name

         8          0          0          0          0         68   __main.o
         0          0          0          0          0          0   __rtentry.o
        12          0          0          0          0          0   __rtentry2.o
         6          0          0          0          0          0   __rtentry4.o
        52          8          0          0          0          0   __scatter.o
        26          0          0          0          0          0   __scatter_copy.o
        28          0          0          0          0          0   __scatter_zi.o
        18          0          0          0          0         80   exit.o
         6          0          0          0          0        152   heapauxi.o
         0          0          0          0          0          0   indicate_semi.o
         2          0          0          0          0          0   libinit.o
         2          0          0          0          0          0   libinit2.o
         2          0          0          0          0          0   libshutdown.o
         2          0          0          0          0          0   libshutdown2.o
         8          4          0          0         96         68   libspace.o
        68          0          0          0          0         68   rt_memclr.o
        78          0          0          0          0         80   rt_memclr_w.o
       138          0          0          0          0         68   rt_memcpy_v6.o
       100          0          0          0          0         80   rt_memcpy_w.o
         2          0          0          0          0          0   rtexit.o
        10          0          0          0          0          0   rtexit2.o
        12          4          0          0          0         68   sys_exit.o
        74          0          0          0          0         80   sys_stackheap_outer.o
         2          0          0          0          0         68   use_no_semi.o

    ----------------------------------------------------------------------
       664         16          0          0         96        880   Library Totals
         8          0          0          0          0          0   (incl. Padding)

    ----------------------------------------------------------------------

      Code (inc. data)   RO Data    RW Data    ZI Data      Debug   Library Name

       656         16          0          0         96        880   c_w.l

    ----------------------------------------------------------------------
       664         16          0          0         96        880   Library Totals

    ----------------------------------------------------------------------

==============================================================================


      Code (inc. data)   RO Data    RW Data    ZI Data      Debug   

     11908       1136        624        160      17424     384614   Grand Totals
     11908       1136        624        160      17424     384614   ELF Image Totals
     11908       1136        624        160          0          0   ROM Totals

==============================================================================

    Total RO  Size (Code + RO Data)                12532 (  12.24kB)
    Total RW  Size (RW Data + ZI Data)             17584 (  17.17kB)
    Total ROM Size (Code + RO Data + RW Data)      12692 (  12.39kB)

==============================================================================

